Archive member included because of file (symbol)

c:/program files (x86)/atmel/atmel toolchain/arm gcc/native/4.8.1443/arm-gnu-toolchain/bin/../lib/gcc/arm-none-eabi/4.8.4/armv6-m\libgcc.a(_udivsi3.o)
                              src/ASF/sam0/components/displays/Pervasive_Displays_small_EPD/EPD_hardware_driver.o (__aeabi_uidiv)
c:/program files (x86)/atmel/atmel toolchain/arm gcc/native/4.8.1443/arm-gnu-toolchain/bin/../lib/gcc/arm-none-eabi/4.8.4/armv6-m\libgcc.a(_dvmd_tls.o)
                              c:/program files (x86)/atmel/atmel toolchain/arm gcc/native/4.8.1443/arm-gnu-toolchain/bin/../lib/gcc/arm-none-eabi/4.8.4/armv6-m\libgcc.a(_udivsi3.o) (__aeabi_idiv0)
c:/program files (x86)/atmel/atmel toolchain/arm gcc/native/4.8.1443/arm-gnu-toolchain/bin/../lib/gcc/arm-none-eabi/4.8.4/armv6-m\libgcc.a(_muldi3.o)
                              src/ASF/sam0/drivers/sercom/sercom.o (__aeabi_lmul)
c:/program files (x86)/atmel/atmel toolchain/arm gcc/native/4.8.1443/arm-gnu-toolchain/bin/../lib/gcc/arm-none-eabi/4.8.4/armv6-m\libgcc.a(divsf3.o)
                              src/ASF/sam0/components/displays/Pervasive_Displays_small_EPD/EPD_hardware_driver.o (__aeabi_fdiv)
c:/program files (x86)/atmel/atmel toolchain/arm gcc/native/4.8.1443/arm-gnu-toolchain/bin/../lib/gcc/arm-none-eabi/4.8.4/armv6-m\libgcc.a(mulsf3.o)
                              src/ASF/sam0/components/displays/Pervasive_Displays_small_EPD/EPD_hardware_driver.o (__aeabi_fmul)
c:/program files (x86)/atmel/atmel toolchain/arm gcc/native/4.8.1443/arm-gnu-toolchain/bin/../lib/gcc/arm-none-eabi/4.8.4/armv6-m\libgcc.a(subsf3.o)
                              src/ASF/sam0/components/displays/Pervasive_Displays_small_EPD/EPD_hardware_driver.o (__aeabi_fsub)
c:/program files (x86)/atmel/atmel toolchain/arm gcc/native/4.8.1443/arm-gnu-toolchain/bin/../lib/gcc/arm-none-eabi/4.8.4/armv6-m\libgcc.a(fixsfsi.o)
                              src/ASF/sam0/components/displays/Pervasive_Displays_small_EPD/EPD_hardware_driver.o (__aeabi_f2iz)
c:/program files (x86)/atmel/atmel toolchain/arm gcc/native/4.8.1443/arm-gnu-toolchain/bin/../lib/gcc/arm-none-eabi/4.8.4/armv6-m\libgcc.a(floatsisf.o)
                              src/ASF/sam0/components/displays/Pervasive_Displays_small_EPD/EPD_hardware_driver.o (__aeabi_i2f)
c:/program files (x86)/atmel/atmel toolchain/arm gcc/native/4.8.1443/arm-gnu-toolchain/bin/../lib/gcc/arm-none-eabi/4.8.4/armv6-m\libgcc.a(_clzsi2.o)
                              c:/program files (x86)/atmel/atmel toolchain/arm gcc/native/4.8.1443/arm-gnu-toolchain/bin/../lib/gcc/arm-none-eabi/4.8.4/armv6-m\libgcc.a(divsf3.o) (__clzsi2)
c:/program files (x86)/atmel/atmel toolchain/arm gcc/native/4.8.1443/arm-gnu-toolchain/bin/../lib/gcc/arm-none-eabi/4.8.4/../../../../arm-none-eabi/lib/armv6-m\libc_s.a(lib_a-exit.o)
                              c:/program files (x86)/atmel/atmel toolchain/arm gcc/native/4.8.1443/arm-gnu-toolchain/bin/../lib/gcc/arm-none-eabi/4.8.4/../../../../arm-none-eabi/lib/armv6-m/crt0.o (exit)
c:/program files (x86)/atmel/atmel toolchain/arm gcc/native/4.8.1443/arm-gnu-toolchain/bin/../lib/gcc/arm-none-eabi/4.8.4/../../../../arm-none-eabi/lib/armv6-m\libc_s.a(lib_a-impure.o)
                              c:/program files (x86)/atmel/atmel toolchain/arm gcc/native/4.8.1443/arm-gnu-toolchain/bin/../lib/gcc/arm-none-eabi/4.8.4/../../../../arm-none-eabi/lib/armv6-m\libc_s.a(lib_a-exit.o) (_global_impure_ptr)
c:/program files (x86)/atmel/atmel toolchain/arm gcc/native/4.8.1443/arm-gnu-toolchain/bin/../lib/gcc/arm-none-eabi/4.8.4/../../../../arm-none-eabi/lib/armv6-m\libc_s.a(lib_a-init.o)
                              c:/program files (x86)/atmel/atmel toolchain/arm gcc/native/4.8.1443/arm-gnu-toolchain/bin/../lib/gcc/arm-none-eabi/4.8.4/../../../../arm-none-eabi/lib/armv6-m/crt0.o (__libc_init_array)
c:/program files (x86)/atmel/atmel toolchain/arm gcc/native/4.8.1443/arm-gnu-toolchain/bin/../lib/gcc/arm-none-eabi/4.8.4/../../../../arm-none-eabi/lib/armv6-m\libc_s.a(lib_a-memcpy-stub.o)
                              src/ASF/sam0/drivers/adc/adc_sam_d_r/adc.o (memcpy)
c:/program files (x86)/atmel/atmel toolchain/arm gcc/native/4.8.1443/arm-gnu-toolchain/bin/../lib/gcc/arm-none-eabi/4.8.4/../../../../arm-none-eabi/lib/armv6-m\libc_s.a(lib_a-memset.o)
                              c:/program files (x86)/atmel/atmel toolchain/arm gcc/native/4.8.1443/arm-gnu-toolchain/bin/../lib/gcc/arm-none-eabi/4.8.4/../../../../arm-none-eabi/lib/armv6-m/crt0.o (memset)
c:/program files (x86)/atmel/atmel toolchain/arm gcc/native/4.8.1443/arm-gnu-toolchain/bin/../lib/gcc/arm-none-eabi/4.8.4/../../../../arm-none-eabi/lib/armv6-m\libc_s.a(lib_a-printf.o)
                              src/ASF/sam0/utils/syscalls/gcc/syscalls.o (printf)
c:/program files (x86)/atmel/atmel toolchain/arm gcc/native/4.8.1443/arm-gnu-toolchain/bin/../lib/gcc/arm-none-eabi/4.8.4/../../../../arm-none-eabi/lib/armv6-m\libc_s.a(lib_a-vfprintf.o)
[...]
Memory Configuration

Name             Origin             Length             Attributes
rom              0x00000000         0x00040000         xr
ram              0x20000000         0x00008000         xrw
*default*        0x00000000         0xffffffff

Linker script and memory map

LOAD c:/program files (x86)/atmel/atmel toolchain/arm gcc/native/4.8.1443/arm-gnu-toolchain/bin/../lib/gcc/arm-none-eabi/4.8.4/armv6-m/crti.o
LOAD c:/program files (x86)/atmel/atmel toolchain/arm gcc/native/4.8.1443/arm-gnu-toolchain/bin/../lib/gcc/arm-none-eabi/4.8.4/armv6-m/crtbegin.o
LOAD c:/program files (x86)/atmel/atmel toolchain/arm gcc/native/4.8.1443/arm-gnu-toolchain/bin/../lib/gcc/arm-none-eabi/4.8.4/../../../../arm-none-eabi/lib/armv6-m/crt0.o
LOAD src/ASF/sam0/components/displays/Pervasive_Displays_small_EPD/COG_FPL/G1_Aurora_Mb/EPD_G1_Aurora_Mb.o
LOAD src/ASF/sam0/components/displays/Pervasive_Displays_small_EPD/COG_FPL/G2_Aurora_Ma/EPD_G2_Aurora_Ma.o
LOAD src/ASF/sam0/components/displays/Pervasive_Displays_small_EPD/COG_FPL/G2_Aurora_Mb/EPD_G2_Aurora_Mb.o
LOAD src/ASF/sam0/components/displays/Pervasive_Displays_small_EPD/EPD_hardware_driver.o
LOAD src/ASF/sam0/components/displays/Pervasive_Displays_small_EPD/EPD_interface.o
LOAD src/ASF/sam0/drivers/adc/adc_sam_d_r/adc.o
LOAD src/ASF/sam0/drivers/adc/adc_sam_d_r/adc_callback.o
LOAD src/ASF/sam0/drivers/sercom/sercom.o
LOAD src/ASF/sam0/drivers/tc/tc_sam_d_r/tc.o
LOAD src/image_data.o
LOAD src/ASF/sam0/drivers/tc/tc_interrupt.o
LOAD src/ASF/sam0/drivers/sercom/usart/usart.o
LOAD src/ASF/sam0/drivers/sercom/spi/spi.o
LOAD src/ASF/common2/services/delay/sam0/systick_counter.o
LOAD src/ASF/common/utils/interrupt/interrupt_sam_nvic.o
LOAD src/ASF/sam0/boards/samd21_xplained_pro/board_init.o
LOAD src/ASF/sam0/drivers/port/port.o
LOAD src/ASF/sam0/drivers/system/clock/clock_samd21_r21_da/clock.o
LOAD src/ASF/sam0/drivers/system/clock/clock_samd21_r21_da/gclk.o
LOAD src/ASF/sam0/drivers/system/interrupt/system_interrupt.o
LOAD src/ASF/sam0/drivers/system/pinmux/pinmux.o
LOAD src/ASF/sam0/drivers/system/system.o
LOAD src/ASF/sam0/utils/cmsis/samd21/source/gcc/startup_samd21.o
LOAD src/ASF/sam0/utils/cmsis/samd21/source/system_samd21.o
LOAD src/ASF/sam0/utils/syscalls/gcc/syscalls.o
LOAD src/main.o
START GROUP
LOAD ../src/ASF/thirdparty/CMSIS/Lib/GCC\libarm_cortexM0l_math.a
LOAD c:/program files (x86)/atmel/atmel toolchain/arm gcc/native/4.8.1443/arm-gnu-toolchain/bin/../lib/gcc/arm-none-eabi/4.8.4/../../../../arm-none-eabi/lib/armv6-m\libm.a
END GROUP
START GROUP
LOAD c:/program files (x86)/atmel/atmel toolchain/arm gcc/native/4.8.1443/arm-gnu-toolchain/bin/../lib/gcc/arm-none-eabi/4.8.4/armv6-m\libgcc.a
LOAD c:/program files (x86)/atmel/atmel toolchain/arm gcc/native/4.8.1443/arm-gnu-toolchain/bin/../lib/gcc/arm-none-eabi/4.8.4/../../../../arm-none-eabi/lib/armv6-m\libc_s.a
END GROUP
START GROUP
LOAD c:/program files (x86)/atmel/atmel toolchain/arm gcc/native/4.8.1443/arm-gnu-toolchain/bin/../lib/gcc/arm-none-eabi/4.8.4/armv6-m\libgcc.a
LOAD c:/program files (x86)/atmel/atmel toolchain/arm gcc/native/4.8.1443/arm-gnu-toolchain/bin/../lib/gcc/arm-none-eabi/4.8.4/../../../../arm-none-eabi/lib/armv6-m\libc_s.a
END GROUP
LOAD c:/program files (x86)/atmel/atmel toolchain/arm gcc/native/4.8.1443/arm-gnu-toolchain/bin/../lib/gcc/arm-none-eabi/4.8.4/armv6-m/crtend.o
LOAD c:/program files (x86)/atmel/atmel toolchain/arm gcc/native/4.8.1443/arm-gnu-toolchain/bin/../lib/gcc/arm-none-eabi/4.8.4/armv6-m/crtn.o
                0x00002000                STACK_SIZE = DEFINED (STACK_SIZE)?STACK_SIZE:DEFINED (__stack_size__)?__stack_size__:0x2000

.text           0x00000000     0x9328
                0x00000000                . = ALIGN (0x4)
                0x00000000                _sfixed = .
 *(.vectors .vectors.*)
 .vectors       0x00000000       0xb0 src/ASF/sam0/utils/cmsis/samd21/source/gcc/startup_samd21.o
                0x00000000                exception_table
 *(.text .text.* .gnu.linkonce.t.*)
 .text          0x000000b0       0x60 c:/program files (x86)/atmel/atmel toolchain/arm gcc/native/4.8.1443/arm-gnu-toolchain/bin/../lib/gcc/arm-none-eabi/4.8.4/armv6-m/crtbegin.o
 .text.arch_ioport_pin_to_port_id
                0x00000110       0x14 src/ASF/sam0/components/displays/Pervasive_Displays_small_EPD/COG_FPL/G2_Aurora_Mb/EPD_G2_Aurora_Mb.o
 .text.arch_ioport_port_to_base
                0x00000124       0x1c src/ASF/sam0/components/displays/Pervasive_Displays_small_EPD/COG_FPL/G2_Aurora_Mb/EPD_G2_Aurora_Mb.o
 .text.arch_ioport_pin_to_base
                0x00000140       0x2c src/ASF/sam0/components/displays/Pervasive_Displays_small_EPD/COG_FPL/G2_Aurora_Mb/EPD_G2_Aurora_Mb.o
 .text.arch_ioport_pin_to_mask
                0x0000016c       0x20 src/ASF/sam0/components/displays/Pervasive_Displays_small_EPD/COG_FPL/G2_Aurora_Mb/EPD_G2_Aurora_Mb.o
 .text.arch_ioport_set_pin_level
                0x0000018c       0x54 src/ASF/sam0/components/displays/Pervasive_Displays_small_EPD/COG_FPL/G2_Aurora_Mb/EPD_G2_Aurora_Mb.o
 .text.arch_ioport_get_pin_level
                0x000001e0       0x38 src/ASF/sam0/components/displays/Pervasive_Displays_small_EPD/COG_FPL/G2_Aurora_Mb/EPD_G2_Aurora_Mb.o
 .text.ioport_set_pin_level
                0x00000218       0x28 src/ASF/sam0/components/displays/Pervasive_Displays_small_EPD/COG_FPL/G2_Aurora_Mb/EPD_G2_Aurora_Mb.o
 .text.ioport_get_pin_level
                0x00000240       0x20 src/ASF/sam0/components/displays/Pervasive_Displays_small_EPD/COG_FPL/G2_Aurora_Mb/EPD_G2_Aurora_Mb.o
 .text.set_temperature_factor
                0x00000260      0x140 src/ASF/sam0/components/displays/Pervasive_Displays_small_EPD/COG_FPL/G2_Aurora_Mb/EPD_G2_Aurora_Mb.o
 .text.COG_driver_EPDtype_select
                0x000003a0       0xf0 src/ASF/sam0/components/displays/Pervasive_Displays_small_EPD/COG_FPL/G2_Aurora_Mb/EPD_G2_Aurora_Mb.o
                0x000003a0                COG_driver_EPDtype_select
 .text.EPD_power_on
                0x00000490       0x88 src/ASF/sam0/components/displays/Pervasive_Displays_small_EPD/COG_FPL/G2_Aurora_Mb/EPD_G2_Aurora_Mb.o
                0x00000490                EPD_power_on
 .text.EPD_initialize_driver
                0x00000518      0x180 src/ASF/sam0/components/displays/Pervasive_Displays_small_EPD/COG_FPL/G2_Aurora_Mb/EPD_G2_Aurora_Mb.o
                0x00000518                EPD_initialize_driver
 .text.stage_handle_array
                0x00000698      0x8a4 src/ASF/sam0/components/displays/Pervasive_Displays_small_EPD/COG_FPL/G2_Aurora_Mb/EPD_G2_Aurora_Mb.o
 .text.stage_handle_array_for_19_26
                0x00000f3c      0x31c src/ASF/sam0/components/displays/Pervasive_Displays_small_EPD/COG_FPL/G2_Aurora_Mb/EPD_G2_Aurora_Mb.o
 .text.EPD_display_from_array_prt
                0x00001258       0xb8 src/ASF/sam0/components/displays/Pervasive_Displays_small_EPD/COG_FPL/G2_Aurora_Mb/EPD_G2_Aurora_Mb.o
                0x00001258                EPD_display_from_array_prt
 .text.nothing_frame
                0x00001310      0x104 src/ASF/sam0/components/displays/Pervasive_Displays_small_EPD/COG_FPL/G2_Aurora_Mb/EPD_G2_Aurora_Mb.o
                0x00001310                nothing_frame
 .text.nothing_frame_for_19_26
                0x00001414      0x168 src/ASF/sam0/components/displays/Pervasive_Displays_small_EPD/COG_FPL/G2_Aurora_Mb/EPD_G2_Aurora_Mb.o
                0x00001414                nothing_frame_for_19_26
 .text.border_dummy_line
                0x0000157c       0xf0 src/ASF/sam0/components/displays/Pervasive_Displays_small_EPD/COG_FPL/G2_Aurora_Mb/EPD_G2_Aurora_Mb.o
                0x0000157c                border_dummy_line
 .text.dummy_line
                0x0000166c       0x8c src/ASF/sam0/components/displays/Pervasive_Displays_small_EPD/COG_FPL/G2_Aurora_Mb/EPD_G2_Aurora_Mb.o
                0x0000166c                dummy_line
 .text.EPD_power_off
                0x000016f8      0x11c src/ASF/sam0/components/displays/Pervasive_Displays_small_EPD/COG_FPL/G2_Aurora_Mb/EPD_G2_Aurora_Mb.o
                0x000016f8                EPD_power_off
 .text.system_interrupt_enable
                0x00001814       0x2c src/ASF/sam0/components/displays/Pervasive_Displays_small_EPD/EPD_hardware_driver.o
 .text.system_interrupt_disable
                0x00001840       0x30 src/ASF/sam0/components/displays/Pervasive_Displays_small_EPD/EPD_hardware_driver.o
 .text.adc_is_syncing
                0x00001870       0x2c src/ASF/sam0/components/displays/Pervasive_Displays_small_EPD/EPD_hardware_driver.o
 .text.adc_get_status
                0x0000189c       0x54 src/ASF/sam0/components/displays/Pervasive_Displays_small_EPD/EPD_hardware_driver.o
 .text.adc_clear_status
                0x000018f0       0x54 src/ASF/sam0/components/displays/Pervasive_Displays_small_EPD/EPD_hardware_driver.o
 .text.adc_enable
                0x00001944       0x58 src/ASF/sam0/components/displays/Pervasive_Displays_small_EPD/EPD_hardware_driver.o
 .text.adc_disable
                0x0000199c       0x58 src/ASF/sam0/components/displays/Pervasive_Displays_small_EPD/EPD_hardware_driver.o
 .text.adc_start_conversion
                0x000019f4       0x48 src/ASF/sam0/components/displays/Pervasive_Displays_small_EPD/EPD_hardware_driver.o
 .text.adc_read
                0x00001a3c       0x7c src/ASF/sam0/components/displays/Pervasive_Displays_small_EPD/EPD_hardware_driver.o
 .text.arch_ioport_pin_to_port_id
                0x00001ab8       0x14 src/ASF/sam0/components/displays/Pervasive_Displays_small_EPD/EPD_hardware_driver.o
 .text.arch_ioport_port_to_base
                0x00001acc       0x1c src/ASF/sam0/components/displays/Pervasive_Displays_small_EPD/EPD_hardware_driver.o
 .text.arch_ioport_pin_to_base
                0x00001ae8       0x2c src/ASF/sam0/components/displays/Pervasive_Displays_small_EPD/EPD_hardware_driver.o
 .text.arch_ioport_pin_to_mask
                0x00001b14       0x20 src/ASF/sam0/components/displays/Pervasive_Displays_small_EPD/EPD_hardware_driver.o
 .text.arch_ioport_init
                0x00001b34        0x8 src/ASF/sam0/components/displays/Pervasive_Displays_small_EPD/EPD_hardware_driver.o
 .text.arch_ioport_enable_port
                0x00001b3c       0x64 src/ASF/sam0/components/displays/Pervasive_Displays_small_EPD/EPD_hardware_driver.o
 .text.arch_ioport_enable_pin
                0x00001ba0       0x38 src/ASF/sam0/components/displays/Pervasive_Displays_small_EPD/EPD_hardware_driver.o
 .text.arch_ioport_set_pin_dir
                0x00001bd8       0x80 src/ASF/sam0/components/displays/Pervasive_Displays_small_EPD/EPD_hardware_driver.o
 .text.arch_ioport_set_pin_level
                0x00001c58       0x54 src/ASF/sam0/components/displays/Pervasive_Displays_small_EPD/EPD_hardware_driver.o
 .text.arch_ioport_toggle_pin_level
                0x00001cac       0x2c src/ASF/sam0/components/displays/Pervasive_Displays_small_EPD/EPD_hardware_driver.o
 .text.ioport_init
                0x00001cd8       0x10 src/ASF/sam0/components/displays/Pervasive_Displays_small_EPD/EPD_hardware_driver.o
 .text.ioport_enable_pin
                0x00001ce8       0x1c src/ASF/sam0/components/displays/Pervasive_Displays_small_EPD/EPD_hardware_driver.o
 .text.ioport_set_pin_dir
                0x00001d04       0x28 src/ASF/sam0/components/displays/Pervasive_Displays_small_EPD/EPD_hardware_driver.o
 .text.ioport_set_pin_level
                0x00001d2c       0x28 src/ASF/sam0/components/displays/Pervasive_Displays_small_EPD/EPD_hardware_driver.o
 .text.ioport_toggle_pin_level
                0x00001d54       0x1c src/ASF/sam0/components/displays/Pervasive_Displays_small_EPD/EPD_hardware_driver.o
 .text.spi_is_syncing
                0x00001d70       0x20 src/ASF/sam0/components/displays/Pervasive_Displays_small_EPD/EPD_hardware_driver.o
 .text.spi_get_config_defaults
                0x00001d90       0x84 src/ASF/sam0/components/displays/Pervasive_Displays_small_EPD/EPD_hardware_driver.o
 .text.spi_enable
                0x00001e14       0x34 src/ASF/sam0/components/displays/Pervasive_Displays_small_EPD/EPD_hardware_driver.o
 .text.spi_disable
                0x00001e48       0x38 src/ASF/sam0/components/displays/Pervasive_Displays_small_EPD/EPD_hardware_driver.o
 .text.spi_is_write_complete
                0x00001e80       0x28 src/ASF/sam0/components/displays/Pervasive_Displays_small_EPD/EPD_hardware_driver.o
 .text.spi_is_ready_to_write
                0x00001ea8       0x28 src/ASF/sam0/components/displays/Pervasive_Displays_small_EPD/EPD_hardware_driver.o
 .text.spi_write
                0x00001ed0       0x48 src/ASF/sam0/components/displays/Pervasive_Displays_small_EPD/EPD_hardware_driver.o
 .text.tc_is_syncing
                0x00001f18       0x28 src/ASF/sam0/components/displays/Pervasive_Displays_small_EPD/EPD_hardware_driver.o
 .text.tc_get_config_defaults
                0x00001f40       0x88 src/ASF/sam0/components/displays/Pervasive_Displays_small_EPD/EPD_hardware_driver.o
 .text.tc_enable
                0x00001fc8       0x38 src/ASF/sam0/components/displays/Pervasive_Displays_small_EPD/EPD_hardware_driver.o
 .text.tc_disable
                0x00002000       0x38 src/ASF/sam0/components/displays/Pervasive_Displays_small_EPD/EPD_hardware_driver.o
 .text.tc_stop_counter
                0x00002038       0x30 src/ASF/sam0/components/displays/Pervasive_Displays_small_EPD/EPD_hardware_driver.o
 .text._tc_interrupt_get_interrupt_vector
                0x00002068       0x20 src/ASF/sam0/components/displays/Pervasive_Displays_small_EPD/EPD_hardware_driver.o
 .text.tc_enable_callback
                0x00002088       0xac src/ASF/sam0/components/displays/Pervasive_Displays_small_EPD/EPD_hardware_driver.o
 .text.initialize_EPD_timer
                0x00002134       0xb0 src/ASF/sam0/components/displays/Pervasive_Displays_small_EPD/EPD_hardware_driver.o
 .text.start_EPD_timer
                0x000021e4       0x10 src/ASF/sam0/components/displays/Pervasive_Displays_small_EPD/EPD_hardware_driver.o
                0x000021e4                start_EPD_timer
 .text.stop_EPD_timer
                0x000021f4       0x24 src/ASF/sam0/components/displays/Pervasive_Displays_small_EPD/EPD_hardware_driver.o
                0x000021f4                stop_EPD_timer
 .text.get_current_time_tick
                0x00002218       0x3c src/ASF/sam0/components/displays/Pervasive_Displays_small_EPD/EPD_hardware_driver.o
                0x00002218                get_current_time_tick
 .text.EPD_pwm_Toggle
                0x00002254       0x14 src/ASF/sam0/components/displays/Pervasive_Displays_small_EPD/EPD_hardware_driver.o
 .text.tc_callback_Handler
                0x00002268       0x60 src/ASF/sam0/components/displays/Pervasive_Displays_small_EPD/EPD_hardware_driver.o
                0x00002268                tc_callback_Handler
 .text.Wait_10us
                0x000022c8        0x8 src/ASF/sam0/components/displays/Pervasive_Displays_small_EPD/EPD_hardware_driver.o
 .text.epd_spi_init
                0x000022d0       0x90 src/ASF/sam0/components/displays/Pervasive_Displays_small_EPD/EPD_hardware_driver.o
                0x000022d0                epd_spi_init
 .text.epd_spi_attach
                0x00002360       0x10 src/ASF/sam0/components/displays/Pervasive_Displays_small_EPD/EPD_hardware_driver.o
                0x00002360                epd_spi_attach
 .text.epd_spi_detach
                0x00002370       0x70 src/ASF/sam0/components/displays/Pervasive_Displays_small_EPD/EPD_hardware_driver.o
                0x00002370                epd_spi_detach
 .text.epd_spi_write
                0x000023e0       0x44 src/ASF/sam0/components/displays/Pervasive_Displays_small_EPD/EPD_hardware_driver.o
                0x000023e0                epd_spi_write
 .text.epd_spi_read
                0x00002424       0x34 src/ASF/sam0/components/displays/Pervasive_Displays_small_EPD/EPD_hardware_driver.o
                0x00002424                epd_spi_read
 .text.SPI_R    0x00002458       0xa0 src/ASF/sam0/components/displays/Pervasive_Displays_small_EPD/EPD_hardware_driver.o
                0x00002458                SPI_R
 .text.epd_spi_send
                0x000024f8       0x90 src/ASF/sam0/components/displays/Pervasive_Displays_small_EPD/EPD_hardware_driver.o
                0x000024f8                epd_spi_send
 .text.epd_spi_send_byte
                0x00002588       0x7c src/ASF/sam0/components/displays/Pervasive_Displays_small_EPD/EPD_hardware_driver.o
                0x00002588                epd_spi_send_byte
 .text.get_ADC_value
                0x00002604       0x38 src/ASF/sam0/components/displays/Pervasive_Displays_small_EPD/EPD_hardware_driver.o
 .text.get_temperature
                0x0000263c      0x124 src/ASF/sam0/components/displays/Pervasive_Displays_small_EPD/EPD_hardware_driver.o
                0x0000263c                get_temperature
 .text.initialize_temperature
                0x00002760       0x54 src/ASF/sam0/components/displays/Pervasive_Displays_small_EPD/EPD_hardware_driver.o
                0x00002760                initialize_temperature
 .text.EPD_initialize_gpio
                0x000027b4       0x70 src/ASF/sam0/components/displays/Pervasive_Displays_small_EPD/EPD_hardware_driver.o
                0x000027b4                EPD_initialize_gpio
 .text.EPD_display_hardware_init
                0x00002824       0x60 src/ASF/sam0/components/displays/Pervasive_Displays_small_EPD/EPD_hardware_driver.o
                0x00002824                EPD_display_hardware_init
 .text.EPD_display_init
                0x00002884       0x10 src/ASF/sam0/components/displays/Pervasive_Displays_small_EPD/EPD_interface.o
                0x00002884                EPD_display_init
 .text.EPD_display_from_pointer
                0x00002894       0x64 src/ASF/sam0/components/displays/Pervasive_Displays_small_EPD/EPD_interface.o
                0x00002894                EPD_display_from_pointer
 .text.system_gclk_chan_get_config_defaults
                0x000028f8       0x14 src/ASF/sam0/drivers/adc/adc_sam_d_r/adc.o
 .text.system_apb_clock_set_mask
                0x0000290c       0x5c src/ASF/sam0/drivers/adc/adc_sam_d_r/adc.o
 .text.system_pinmux_get_config_defaults
                0x00002968       0x28 src/ASF/sam0/drivers/adc/adc_sam_d_r/adc.o
 .text.system_voltage_reference_enable
                0x00002990       0x40 src/ASF/sam0/drivers/adc/adc_sam_d_r/adc.o
 .text.adc_is_syncing
                0x000029d0       0x2c src/ASF/sam0/drivers/adc/adc_sam_d_r/adc.o
 .text.adc_get_config_defaults
                0x000029fc       0xa8 src/ASF/sam0/drivers/adc/adc_sam_d_r/adc.o
                0x000029fc                adc_get_config_defaults
 .text._adc_configure_ain_pin
                0x00002aa4       0x78 src/ASF/sam0/drivers/adc/adc_sam_d_r/adc.o
 .text._adc_set_config
                0x00002b1c      0x524 src/ASF/sam0/drivers/adc/adc_sam_d_r/adc.o
 .text.adc_init
                0x00003040       0xf4 src/ASF/sam0/drivers/adc/adc_sam_d_r/adc.o
                0x00003040                adc_init
 .text.adc_is_syncing
                0x00003134       0x2c src/ASF/sam0/drivers/adc/adc_sam_d_r/adc_callback.o
 .text.adc_start_conversion
                0x00003160       0x48 src/ASF/sam0/drivers/adc/adc_sam_d_r/adc_callback.o
 .text.adc_disable_interrupt
                0x000031a8       0x24 src/ASF/sam0/drivers/adc/adc_sam_d_r/adc_callback.o
 .text._adc_interrupt_handler
                0x000031cc      0x134 src/ASF/sam0/drivers/adc/adc_sam_d_r/adc_callback.o
 .text.ADC_Handler
                0x00003300       0x14 src/ASF/sam0/drivers/adc/adc_sam_d_r/adc_callback.o
                0x00003300                ADC_Handler
 .text.system_gclk_chan_get_config_defaults
                0x00003314       0x14 src/ASF/sam0/drivers/sercom/sercom.o
 .text._sercom_get_sync_baud_val
                0x00003328       0x7c src/ASF/sam0/drivers/sercom/sercom.o
                0x00003328                _sercom_get_sync_baud_val
 .text.sercom_set_gclk_generator
                0x000033a4       0x8c src/ASF/sam0/drivers/sercom/sercom.o
                0x000033a4                sercom_set_gclk_generator
 .text._sercom_get_default_pad
                0x00003430      0x1bc src/ASF/sam0/drivers/sercom/sercom.o
                0x00003430                _sercom_get_default_pad
 .text._sercom_get_sercom_inst_index
                0x000035ec       0x4c src/ASF/sam0/drivers/sercom/sercom.o
                0x000035ec                _sercom_get_sercom_inst_index
 .text.system_gclk_chan_get_config_defaults
                0x00003638       0x14 src/ASF/sam0/drivers/tc/tc_sam_d_r/tc.o
 .text.system_apb_clock_set_mask
                0x0000364c       0x5c src/ASF/sam0/drivers/tc/tc_sam_d_r/tc.o
 .text.system_pinmux_get_config_defaults
                0x000036a8       0x28 src/ASF/sam0/drivers/tc/tc_sam_d_r/tc.o
 .text.tc_is_syncing
                0x000036d0       0x28 src/ASF/sam0/drivers/tc/tc_sam_d_r/tc.o
 .text.tc_disable
                0x000036f8       0x38 src/ASF/sam0/drivers/tc/tc_sam_d_r/tc.o
 .text._tc_get_inst_index
                0x00003730       0x4c src/ASF/sam0/drivers/tc/tc_sam_d_r/tc.o
                0x00003730                _tc_get_inst_index
 .text.tc_init  0x0000377c      0x488 src/ASF/sam0/drivers/tc/tc_sam_d_r/tc.o
                0x0000377c                tc_init
 .text.tc_set_count_value
                0x00003c04       0x64 src/ASF/sam0/drivers/tc/tc_sam_d_r/tc.o
                0x00003c04                tc_set_count_value
 .text.tc_get_count_value
                0x00003c68       0x54 src/ASF/sam0/drivers/tc/tc_sam_d_r/tc.o
                0x00003c68                tc_get_count_value
 .text.tc_reset
                0x00003cbc       0x68 src/ASF/sam0/drivers/tc/tc_sam_d_r/tc.o
                0x00003cbc                tc_reset
 .text.tc_register_callback
                0x00003d24       0x74 src/ASF/sam0/drivers/tc/tc_interrupt.o
                0x00003d24                tc_register_callback
 .text.TC3_Handler
                0x00003d98       0x14 src/ASF/sam0/drivers/tc/tc_interrupt.o
                0x00003d98                TC3_Handler
 .text.TC4_Handler
                0x00003dac       0x14 src/ASF/sam0/drivers/tc/tc_interrupt.o
                0x00003dac                TC4_Handler
 .text.TC5_Handler
                0x00003dc0       0x14 src/ASF/sam0/drivers/tc/tc_interrupt.o
                0x00003dc0                TC5_Handler
 .text.TC6_Handler
                0x00003dd4       0x14 src/ASF/sam0/drivers/tc/tc_interrupt.o
                0x00003dd4                TC6_Handler
 .text.TC7_Handler
                0x00003de8       0x14 src/ASF/sam0/drivers/tc/tc_interrupt.o
                0x00003de8                TC7_Handler
 .text._tc_interrupt_handler
                0x00003dfc       0xb8 src/ASF/sam0/drivers/tc/tc_interrupt.o
                0x00003dfc                _tc_interrupt_handler
 .text.system_pinmux_get_config_defaults
                0x00003eb4       0x28 src/ASF/sam0/drivers/sercom/spi/spi.o
 .text.system_pinmux_get_group_from_gpio_pin
                0x00003edc       0x60 src/ASF/sam0/drivers/sercom/spi/spi.o
 .text.system_pinmux_pin_get_mux_position
                0x00003f3c       0x7c src/ASF/sam0/drivers/sercom/spi/spi.o
 .text.system_gclk_chan_get_config_defaults
                0x00003fb8       0x14 src/ASF/sam0/drivers/sercom/spi/spi.o
 .text.system_apb_clock_set_mask
                0x00003fcc       0x5c src/ASF/sam0/drivers/sercom/spi/spi.o
 .text.system_is_debugger_present
                0x00004028       0x20 src/ASF/sam0/drivers/sercom/spi/spi.o
 .text.spi_is_ready_to_write
                0x00004048       0x28 src/ASF/sam0/drivers/sercom/spi/spi.o
 .text.spi_is_ready_to_read
                0x00004070       0x28 src/ASF/sam0/drivers/sercom/spi/spi.o
 .text.spi_write
                0x00004098       0x48 src/ASF/sam0/drivers/sercom/spi/spi.o
 .text.spi_read
                0x000040e0       0x90 src/ASF/sam0/drivers/sercom/spi/spi.o
 .text._spi_set_config
                0x00004170      0x254 src/ASF/sam0/drivers/sercom/spi/spi.o
 .text._spi_check_config
                0x000043c4      0x230 src/ASF/sam0/drivers/sercom/spi/spi.o
 .text.spi_init
                0x000045f4      0x108 src/ASF/sam0/drivers/sercom/spi/spi.o
                0x000045f4                spi_init
 .text.spi_transceive_wait
                0x000046fc      0x138 src/ASF/sam0/drivers/sercom/spi/spi.o
                0x000046fc                spi_transceive_wait
 .text.delay_cycles
                0x00004834       0x34 src/ASF/common2/services/delay/sam0/systick_counter.o
 .text.delay_init
                0x00004868       0x5c src/ASF/common2/services/delay/sam0/systick_counter.o
                0x00004868                delay_init
 .text.delay_cycles_ms
                0x000048c4       0x2c src/ASF/common2/services/delay/sam0/systick_counter.o
                0x000048c4                delay_cycles_ms
 .text.cpu_irq_enter_critical
                0x000048f0       0x50 src/ASF/common/utils/interrupt/interrupt_sam_nvic.o
                0x000048f0                cpu_irq_enter_critical
 .text.cpu_irq_leave_critical
                0x00004940       0x3c src/ASF/common/utils/interrupt/interrupt_sam_nvic.o
                0x00004940                cpu_irq_leave_critical
 .text.system_gclk_gen_get_config_defaults
                0x0000497c       0x2c src/ASF/sam0/drivers/system/clock/clock_samd21_r21_da/clock.o
 .text.system_gclk_chan_get_config_defaults
                0x000049a8       0x14 src/ASF/sam0/drivers/system/clock/clock_samd21_r21_da/clock.o
 .text.system_clock_source_osc8m_get_config_defaults
                0x000049bc       0x20 src/ASF/sam0/drivers/system/clock/clock_samd21_r21_da/clock.o
 .text.system_clock_source_dfll_get_config_defaults
                0x000049dc       0x50 src/ASF/sam0/drivers/system/clock/clock_samd21_r21_da/clock.o
 .text.system_cpu_clock_set_divider
                0x00004a2c       0x20 src/ASF/sam0/drivers/system/clock/clock_samd21_r21_da/clock.o
 .text.system_apb_clock_set_divider
                0x00004a4c       0x54 src/ASF/sam0/drivers/system/clock/clock_samd21_r21_da/clock.o
 .text.system_flash_set_waitstates
                0x00004aa0       0x34 src/ASF/sam0/drivers/system/clock/clock_samd21_r21_da/clock.o
 .text._system_dfll_wait_for_sync
                0x00004ad4       0x18 src/ASF/sam0/drivers/system/clock/clock_samd21_r21_da/clock.o
 .text._system_clock_source_dfll_set_config_errata_9905
                0x00004aec       0x44 src/ASF/sam0/drivers/system/clock/clock_samd21_r21_da/clock.o
 .text.system_clock_source_get_hz
                0x00004b30       0xc4 src/ASF/sam0/drivers/system/clock/clock_samd21_r21_da/clock.o
                0x00004b30                system_clock_source_get_hz
 .text.system_clock_source_osc8m_set_config
                0x00004bf4       0x68 src/ASF/sam0/drivers/system/clock/clock_samd21_r21_da/clock.o
                0x00004bf4                system_clock_source_osc8m_set_config
 .text.system_clock_source_dfll_set_config
                0x00004c5c       0xcc src/ASF/sam0/drivers/system/clock/clock_samd21_r21_da/clock.o
                0x00004c5c                system_clock_source_dfll_set_config
 .text.system_clock_source_enable
                0x00004d28       0xac src/ASF/sam0/drivers/system/clock/clock_samd21_r21_da/clock.o
                0x00004d28                system_clock_source_enable
 .text.system_clock_source_is_ready
                0x00004dd4       0x84 src/ASF/sam0/drivers/system/clock/clock_samd21_r21_da/clock.o
                0x00004dd4                system_clock_source_is_ready
 .text._switch_peripheral_gclk
                0x00004e58       0x38 src/ASF/sam0/drivers/system/clock/clock_samd21_r21_da/clock.o
 .text.system_clock_init
                0x00004e90      0x1f0 src/ASF/sam0/drivers/system/clock/clock_samd21_r21_da/clock.o
                0x00004e90                system_clock_init
 .text.system_apb_clock_set_mask
                0x00005080       0x5c src/ASF/sam0/drivers/system/clock/clock_samd21_r21_da/gclk.o
 .text.system_interrupt_enter_critical_section
                0x000050dc       0x10 src/ASF/sam0/drivers/system/clock/clock_samd21_r21_da/gclk.o
 .text.system_interrupt_leave_critical_section
                0x000050ec       0x10 src/ASF/sam0/drivers/system/clock/clock_samd21_r21_da/gclk.o
 .text.system_gclk_is_syncing
                0x000050fc       0x24 src/ASF/sam0/drivers/system/clock/clock_samd21_r21_da/gclk.o
 .text.system_gclk_init
                0x00005120       0x30 src/ASF/sam0/drivers/system/clock/clock_samd21_r21_da/gclk.o
                0x00005120                system_gclk_init
 .text.system_gclk_gen_set_config
                0x00005150      0x128 src/ASF/sam0/drivers/system/clock/clock_samd21_r21_da/gclk.o
                0x00005150                system_gclk_gen_set_config
 .text.system_gclk_gen_enable
                0x00005278       0x5c src/ASF/sam0/drivers/system/clock/clock_samd21_r21_da/gclk.o
                0x00005278                system_gclk_gen_enable
 .text.system_gclk_gen_get_hz
                0x000052d4       0xec src/ASF/sam0/drivers/system/clock/clock_samd21_r21_da/gclk.o
                0x000052d4                system_gclk_gen_get_hz
 .text.system_gclk_chan_set_config
                0x000053c0       0x40 src/ASF/sam0/drivers/system/clock/clock_samd21_r21_da/gclk.o
                0x000053c0                system_gclk_chan_set_config
 .text.system_gclk_chan_enable
                0x00005400       0x44 src/ASF/sam0/drivers/system/clock/clock_samd21_r21_da/gclk.o
                0x00005400                system_gclk_chan_enable
 .text.system_gclk_chan_disable
                0x00005444       0x98 src/ASF/sam0/drivers/system/clock/clock_samd21_r21_da/gclk.o
                0x00005444                system_gclk_chan_disable
 .text.system_gclk_chan_get_hz
                0x000054dc       0x5c src/ASF/sam0/drivers/system/clock/clock_samd21_r21_da/gclk.o
                0x000054dc                system_gclk_chan_get_hz
 .text.system_pinmux_get_group_from_gpio_pin
                0x00005538       0x60 src/ASF/sam0/drivers/system/pinmux/pinmux.o
 .text._system_pinmux_config
                0x00005598      0x10c src/ASF/sam0/drivers/system/pinmux/pinmux.o
 .text.system_pinmux_pin_set_config
                0x000056a4       0x4c src/ASF/sam0/drivers/system/pinmux/pinmux.o
                0x000056a4                system_pinmux_pin_set_config
 .text.Reset_Handler
                0x000056f0       0xf0 src/ASF/sam0/utils/cmsis/samd21/source/gcc/startup_samd21.o
                0x000056f0                Reset_Handler
 .text.Dummy_Handler
                0x000057e0        0x8 src/ASF/sam0/utils/cmsis/samd21/source/gcc/startup_samd21.o
                0x000057e0                DMAC_Handler
                0x000057e0                HardFault_Handler
                0x000057e0                AC_Handler
                0x000057e0                SysTick_Handler
                0x000057e0                PendSV_Handler
                0x000057e0                NMI_Handler
                0x000057e0                SERCOM1_Handler
                0x000057e0                TCC1_Handler
                0x000057e0                SERCOM2_Handler
                0x000057e0                TCC0_Handler
                0x000057e0                RTC_Handler
                0x000057e0                EIC_Handler
                0x000057e0                WDT_Handler
                0x000057e0                USB_Handler
                0x000057e0                Dummy_Handler
                0x000057e0                PM_Handler
                0x000057e0                SERCOM5_Handler
                0x000057e0                SVC_Handler
                0x000057e0                TCC2_Handler
                0x000057e0                EVSYS_Handler
                0x000057e0                SERCOM3_Handler
                0x000057e0                SERCOM4_Handler
                0x000057e0                I2S_Handler
                0x000057e0                NVMCTRL_Handler
                0x000057e0                SERCOM0_Handler
                0x000057e0                DAC_Handler
                0x000057e0                PTC_Handler
                0x000057e0                SYSCTRL_Handler
 .text.system_interrupt_enable_global
                0x000057e8       0x18 src/main.o
 .text.main     0x00005800       0x70 src/main.o
                0x00005800                main
 .text          0x00005870       0x9c c:/program files (x86)/atmel/atmel toolchain/arm gcc/native/4.8.1443/arm-gnu-toolchain/bin/../lib/gcc/arm-none-eabi/4.8.4/armv6-m\libgcc.a(_udivsi3.o)
                0x00005870                __aeabi_uidiv
                0x00005870                __udivsi3
                0x000058f8                __aeabi_uidivmod
 .text          0x0000590c        0x4 c:/program files (x86)/atmel/atmel toolchain/arm gcc/native/4.8.1443/arm-gnu-toolchain/bin/../lib/gcc/arm-none-eabi/4.8.4/armv6-m\libgcc.a(_dvmd_tls.o)
                0x0000590c                __aeabi_idiv0
                0x0000590c                __aeabi_ldiv0
 .text          0x00005910      0x24c c:/program files (x86)/atmel/atmel toolchain/arm gcc/native/4.8.1443/arm-gnu-toolchain/bin/../lib/gcc/arm-none-eabi/4.8.4/armv6-m\libgcc.a(divsf3.o)
                0x00005910                __aeabi_fdiv
 .text          0x00005b5c      0x254 c:/program files (x86)/atmel/atmel toolchain/arm gcc/native/4.8.1443/arm-gnu-toolchain/bin/../lib/gcc/arm-none-eabi/4.8.4/armv6-m\libgcc.a(mulsf3.o)
                0x00005b5c                __aeabi_fmul
 .text          0x00005db0      0x2ec c:/program files (x86)/atmel/atmel toolchain/arm gcc/native/4.8.1443/arm-gnu-toolchain/bin/../lib/gcc/arm-none-eabi/4.8.4/armv6-m\libgcc.a(subsf3.o)
                0x00005db0                __aeabi_fsub
 .text          0x0000609c       0x40 c:/program files (x86)/atmel/atmel toolchain/arm gcc/native/4.8.1443/arm-gnu-toolchain/bin/../lib/gcc/arm-none-eabi/4.8.4/armv6-m\libgcc.a(fixsfsi.o)
                0x0000609c                __aeabi_f2iz
 .text          0x000060dc       0xb8 c:/program files (x86)/atmel/atmel toolchain/arm gcc/native/4.8.1443/arm-gnu-toolchain/bin/../lib/gcc/arm-none-eabi/4.8.4/armv6-m\libgcc.a(floatsisf.o)
                0x000060dc                __aeabi_i2f
 .text          0x00006194       0x3c c:/program files (x86)/atmel/atmel toolchain/arm gcc/native/4.8.1443/arm-gnu-toolchain/bin/../lib/gcc/arm-none-eabi/4.8.4/armv6-m\libgcc.a(_clzsi2.o)
                0x00006194                __clzsi2
 .text.__libc_init_array
                0x000061d0       0x4c c:/program files (x86)/atmel/atmel toolchain/arm gcc/native/4.8.1443/arm-gnu-toolchain/bin/../lib/gcc/arm-none-eabi/4.8.4/../../../../arm-none-eabi/lib/armv6-m\libc_s.a(lib_a-init.o)
                0x000061d0                __libc_init_array
 .text.memcpy   0x0000621c       0x12 c:/program files (x86)/atmel/atmel toolchain/arm gcc/native/4.8.1443/arm-gnu-toolchain/bin/../lib/gcc/arm-none-eabi/4.8.4/../../../../arm-none-eabi/lib/armv6-m\libc_s.a(lib_a-memcpy-stub.o)
                0x0000621c                memcpy
 .text.memset   0x0000622e       0x10 c:/program files (x86)/atmel/atmel toolchain/arm gcc/native/4.8.1443/arm-gnu-toolchain/bin/../lib/gcc/arm-none-eabi/4.8.4/../../../../arm-none-eabi/lib/armv6-m\libc_s.a(lib_a-memset.o)
                0x0000622e                memset
 *(.glue_7t)
 .glue_7t       0x00000000        0x0 linker stubs
 *(.glue_7)
 .glue_7        0x00000000        0x0 linker stubs
 *(.rodata .rodata* .gnu.linkonce.r.*)
 *fill*         0x0000623e        0x2 
 .rodata.COG_parameters
                0x00006240       0x64 src/ASF/sam0/components/displays/Pervasive_Displays_small_EPD/COG_FPL/G2_Aurora_Mb/EPD_G2_Aurora_Mb.o
                0x00006240                COG_parameters
 .rodata.temperature_table
                0x000062a4       0x50 src/ASF/sam0/components/displays/Pervasive_Displays_small_EPD/COG_FPL/G2_Aurora_Mb/EPD_G2_Aurora_Mb.o
                0x000062a4                temperature_table
 .rodata.data_lookuptable
                0x000062f4       0x40 src/ASF/sam0/components/displays/Pervasive_Displays_small_EPD/COG_FPL/G2_Aurora_Mb/EPD_G2_Aurora_Mb.o
                0x000062f4                data_lookuptable
 .rodata.scan_lookuptable
                0x00006334        0x8 src/ASF/sam0/components/displays/Pervasive_Displays_small_EPD/COG_FPL/G2_Aurora_Mb/EPD_G2_Aurora_Mb.o
                0x00006334                scan_lookuptable
 .rodata.BORDER_TABLE
                0x0000633c        0x4 src/ASF/sam0/components/displays/Pervasive_Displays_small_EPD/COG_FPL/G2_Aurora_Mb/EPD_G2_Aurora_Mb.o
                0x0000633c                BORDER_TABLE
 .rodata.SCAN_TABLE
                0x00006340        0x4 src/ASF/sam0/components/displays/Pervasive_Displays_small_EPD/COG_FPL/G2_Aurora_Mb/EPD_G2_Aurora_Mb.o
                0x00006340                SCAN_TABLE
 .rodata.COG_driver_EPDtype_select
                0x00006344       0x14 src/ASF/sam0/components/displays/Pervasive_Displays_small_EPD/COG_FPL/G2_Aurora_Mb/EPD_G2_Aurora_Mb.o
 .rodata        0x00006358       0x50 src/ASF/sam0/drivers/adc/adc_sam_d_r/adc.o
 .rodata._adc_set_config
                0x000063a8       0xd4 src/ASF/sam0/drivers/adc/adc_sam_d_r/adc.o
 .rodata        0x0000647c       0x18 src/ASF/sam0/drivers/sercom/sercom.o
 .rodata        0x00006494       0x28 src/ASF/sam0/drivers/tc/tc_sam_d_r/tc.o
 .rodata.image_array_270_1
                0x000064bc     0x16b0 src/image_data.o
                0x000064bc                image_array_270_1
 .rodata.image_array_270_2
                0x00007b6c     0x16b0 src/image_data.o
                0x00007b6c                image_array_270_2
 .rodata.system_clock_source_get_hz
                0x0000921c       0x24 src/ASF/sam0/drivers/system/clock/clock_samd21_r21_da/clock.o
 .rodata.system_clock_source_enable
                0x00009240       0x24 src/ASF/sam0/drivers/system/clock/clock_samd21_r21_da/clock.o
 .rodata.system_clock_source_is_ready
                0x00009264       0x24 src/ASF/sam0/drivers/system/clock/clock_samd21_r21_da/clock.o
 .rodata        0x00009288       0x40 c:/program files (x86)/atmel/atmel toolchain/arm gcc/native/4.8.1443/arm-gnu-toolchain/bin/../lib/gcc/arm-none-eabi/4.8.4/armv6-m\libgcc.a(divsf3.o)
 .rodata        0x000092c8       0x40 c:/program files (x86)/atmel/atmel toolchain/arm gcc/native/4.8.1443/arm-gnu-toolchain/bin/../lib/gcc/arm-none-eabi/4.8.4/armv6-m\libgcc.a(mulsf3.o)
 *(.ARM.extab* .gnu.linkonce.armextab.*)
                0x00009308                . = ALIGN (0x4)
 *(.init)
 .init          0x00009308        0x4 c:/program files (x86)/atmel/atmel toolchain/arm gcc/native/4.8.1443/arm-gnu-toolchain/bin/../lib/gcc/arm-none-eabi/4.8.4/armv6-m/crti.o
                0x00009308                _init
 .init          0x0000930c        0x8 c:/program files (x86)/atmel/atmel toolchain/arm gcc/native/4.8.1443/arm-gnu-toolchain/bin/../lib/gcc/arm-none-eabi/4.8.4/armv6-m/crtn.o
                0x00009314                . = ALIGN (0x4)
                0x00009314                __preinit_array_start = .
 *(.preinit_array)
                0x00009314                __preinit_array_end = .
                0x00009314                . = ALIGN (0x4)
                0x00009314                __init_array_start = .
 *(SORT(.init_array.*))
 *(.init_array)
 .init_array    0x00009314        0x4 c:/program files (x86)/atmel/atmel toolchain/arm gcc/native/4.8.1443/arm-gnu-toolchain/bin/../lib/gcc/arm-none-eabi/4.8.4/armv6-m/crtbegin.o
                0x00009318                __init_array_end = .
                0x00009318                . = ALIGN (0x4)
 *crtbegin.o(.ctors)
 *(EXCLUDE_FILE(*crtend.o) .ctors)
 *(SORT(.ctors.*))
 *crtend.o(.ctors)
                0x00009318                . = ALIGN (0x4)
 *(.fini)
 .fini          0x00009318        0x4 c:/program files (x86)/atmel/atmel toolchain/arm gcc/native/4.8.1443/arm-gnu-toolchain/bin/../lib/gcc/arm-none-eabi/4.8.4/armv6-m/crti.o
                0x00009318                _fini
 .fini          0x0000931c        0x8 c:/program files (x86)/atmel/atmel toolchain/arm gcc/native/4.8.1443/arm-gnu-toolchain/bin/../lib/gcc/arm-none-eabi/4.8.4/armv6-m/crtn.o
                0x00009324                . = ALIGN (0x4)
                0x00009324                __fini_array_start = .
 *(.fini_array)
 .fini_array    0x00009324        0x4 c:/program files (x86)/atmel/atmel toolchain/arm gcc/native/4.8.1443/arm-gnu-toolchain/bin/../lib/gcc/arm-none-eabi/4.8.4/armv6-m/crtbegin.o
 *(SORT(.fini_array.*))
                0x00009328                __fini_array_end = .
 *crtbegin.o(.dtors)
 *(EXCLUDE_FILE(*crtend.o) .dtors)
 *(SORT(.dtors.*))
 *crtend.o(.dtors)
                0x00009328                . = ALIGN (0x4)
                0x00009328                _efixed = .
                0x00009328                PROVIDE (__exidx_start, .)

.vfp11_veneer   0x00009328        0x0
 .vfp11_veneer  0x00000000        0x0 linker stubs

.v4_bx          0x00009328        0x0
 .v4_bx         0x00000000        0x0 linker stubs

.iplt           0x00009328        0x0
 .iplt          0x00000000        0x0 c:/program files (x86)/atmel/atmel toolchain/arm gcc/native/4.8.1443/arm-gnu-toolchain/bin/../lib/gcc/arm-none-eabi/4.8.4/armv6-m/crtbegin.o

.eh_frame       0x00009328        0x0
 .eh_frame      0x00009328        0x0 c:/program files (x86)/atmel/atmel toolchain/arm gcc/native/4.8.1443/arm-gnu-toolchain/bin/../lib/gcc/arm-none-eabi/4.8.4/armv6-m/crtbegin.o

.rel.dyn        0x00009328        0x0
 .rel.iplt      0x00000000        0x0 c:/program files (x86)/atmel/atmel toolchain/arm gcc/native/4.8.1443/arm-gnu-toolchain/bin/../lib/gcc/arm-none-eabi/4.8.4/armv6-m/crtbegin.o

.jcr            0x00009328        0x0
 .jcr           0x00009328        0x0 c:/program files (x86)/atmel/atmel toolchain/arm gcc/native/4.8.1443/arm-gnu-toolchain/bin/../lib/gcc/arm-none-eabi/4.8.4/armv6-m/crtbegin.o

.igot.plt       0x00009328        0x0
 .igot.plt      0x00000000        0x0 c:/program files (x86)/atmel/atmel toolchain/arm gcc/native/4.8.1443/arm-gnu-toolchain/bin/../lib/gcc/arm-none-eabi/4.8.4/armv6-m/crtbegin.o

.ARM.exidx
 *(.ARM.exidx* .gnu.linkonce.armexidx.*)
                0x00009328                PROVIDE (__exidx_end, .)
                0x00009328                . = ALIGN (0x4)
                0x00009328                _etext = .

.relocate       0x20000000       0x14 load address 0x00009328
                0x20000000                . = ALIGN (0x4)
                0x20000000                _srelocate = .
 *(.ramfunc .ramfunc.*)
 *(.data .data.*)
 .data.tc_interrupt_vectors.13771
                0x20000000        0x8 src/ASF/sam0/components/displays/Pervasive_Displays_small_EPD/EPD_hardware_driver.o
 .data.cycles_per_ms
                0x20000008        0x4 src/ASF/common2/services/delay/sam0/systick_counter.o
 .data.cycles_per_us
                0x2000000c        0x4 src/ASF/common2/services/delay/sam0/systick_counter.o
 .data.g_interrupt_enabled
                0x20000010        0x1 src/ASF/common/utils/interrupt/interrupt_sam_nvic.o
                0x20000010                g_interrupt_enabled
                0x20000014                . = ALIGN (0x4)
 *fill*         0x20000011        0x3 
                0x20000014                _erelocate = .

.bss            0x20000014      0x13c load address 0x0000933c
                0x20000014                . = ALIGN (0x4)
                0x20000014                _sbss = .
                0x20000014                _szero = .
 *(.bss .bss.*)
 .bss           0x20000014       0x1c c:/program files (x86)/atmel/atmel toolchain/arm gcc/native/4.8.1443/arm-gnu-toolchain/bin/../lib/gcc/arm-none-eabi/4.8.4/armv6-m/crtbegin.o
 .bss.stage_time
                0x20000030        0x2 src/ASF/sam0/components/displays/Pervasive_Displays_small_EPD/COG_FPL/G2_Aurora_Mb/EPD_G2_Aurora_Mb.o
 *fill*         0x20000032        0x2 
 .bss.COG_Line  0x20000034       0x70 src/ASF/sam0/components/displays/Pervasive_Displays_small_EPD/COG_FPL/G2_Aurora_Mb/EPD_G2_Aurora_Mb.o
 .bss._On_EPD_read_flash
                0x200000a4        0x4 src/ASF/sam0/components/displays/Pervasive_Displays_small_EPD/COG_FPL/G2_Aurora_Mb/EPD_G2_Aurora_Mb.o
 .bss.current_frame_time
                0x200000a8        0x2 src/ASF/sam0/components/displays/Pervasive_Displays_small_EPD/COG_FPL/G2_Aurora_Mb/EPD_G2_Aurora_Mb.o
 *fill*         0x200000aa        0x2 
 .bss.data_line_even
                0x200000ac        0x4 src/ASF/sam0/components/displays/Pervasive_Displays_small_EPD/COG_FPL/G2_Aurora_Mb/EPD_G2_Aurora_Mb.o
 .bss.data_line_odd
                0x200000b0        0x4 src/ASF/sam0/components/displays/Pervasive_Displays_small_EPD/COG_FPL/G2_Aurora_Mb/EPD_G2_Aurora_Mb.o
 .bss.data_line_scan
                0x200000b4        0x4 src/ASF/sam0/components/displays/Pervasive_Displays_small_EPD/COG_FPL/G2_Aurora_Mb/EPD_G2_Aurora_Mb.o
 .bss.data_line_border_byte
                0x200000b8        0x4 src/ASF/sam0/components/displays/Pervasive_Displays_small_EPD/COG_FPL/G2_Aurora_Mb/EPD_G2_Aurora_Mb.o
 .bss.cur_EPD_type_index
                0x200000bc        0x1 src/ASF/sam0/components/displays/Pervasive_Displays_small_EPD/COG_FPL/G2_Aurora_Mb/EPD_G2_Aurora_Mb.o
 *fill*         0x200000bd        0x3 
 .bss.EPD_Counter
                0x200000c0        0x4 src/ASF/sam0/components/displays/Pervasive_Displays_small_EPD/EPD_hardware_driver.o
 .bss.spi_master_instance
                0x200000c4        0xc src/ASF/sam0/components/displays/Pervasive_Displays_small_EPD/EPD_hardware_driver.o
 .bss.spi_flag  0x200000d0        0x1 src/ASF/sam0/components/displays/Pervasive_Displays_small_EPD/EPD_hardware_driver.o
 *fill*         0x200000d1        0x3 
 .bss._sercom_config
                0x200000d4        0x4 src/ASF/sam0/drivers/sercom/sercom.o
 .bss.cpu_irq_critical_section_counter
                0x200000d8        0x4 src/ASF/common/utils/interrupt/interrupt_sam_nvic.o
 .bss.cpu_irq_prev_interrupt_state
                0x200000dc        0x1 src/ASF/common/utils/interrupt/interrupt_sam_nvic.o
 *fill*         0x200000dd        0x3 
 .bss._system_clock_inst
                0x200000e0       0x18 src/ASF/sam0/drivers/system/clock/clock_samd21_r21_da/clock.o
 *(COMMON)
 COMMON         0x200000f8       0x3d src/ASF/sam0/components/displays/Pervasive_Displays_small_EPD/EPD_hardware_driver.o
                0x200000f8                tc_instance
                0x20000114                adc_instance
                0x20000134                PWM_Run_Flag
 *fill*         0x20000135        0x3 
 COMMON         0x20000138        0x4 src/ASF/sam0/drivers/adc/adc_sam_d_r/adc_callback.o
                0x20000138                _adc_instances
 COMMON         0x2000013c       0x14 src/ASF/sam0/drivers/tc/tc_interrupt.o
                0x2000013c                _tc_instances
                0x20000150                . = ALIGN (0x4)
                0x20000150                _ebss = .
                0x20000150                _ezero = .

.stack          0x20000150     0x2000 load address 0x00009478
                0x20000150                . = ALIGN (0x8)
                0x20000150                _sstack = .
                0x20002150                . = (. + STACK_SIZE)
 *fill*         0x20000150     0x2000 
                0x20002150                . = ALIGN (0x8)
                0x20002150                _estack = .
                0x20002150                . = ALIGN (0x4)
                0x20002150                _end = .
OUTPUT(EPD-XPro_SAMD21.elf elf32-littlearm)

.ARM.attributes
                0x00000000       0x28
 .ARM.attributes
                0x00000000       0x1e c:/program files (x86)/atmel/atmel toolchain/arm gcc/native/4.8.1443/arm-gnu-toolchain/bin/../lib/gcc/arm-none-eabi/4.8.4/armv6-m/crti.o
 .ARM.attributes
                0x0000001e       0x2c c:/program files (x86)/atmel/atmel toolchain/arm gcc/native/4.8.1443/arm-gnu-toolchain/bin/../lib/gcc/arm-none-eabi/4.8.4/armv6-m/crtbegin.o
 .ARM.attributes
                0x0000004a       0x32 src/ASF/sam0/components/displays/Pervasive_Displays_small_EPD/COG_FPL/G2_Aurora_Mb/EPD_G2_Aurora_Mb.o
 .ARM.attributes
                0x0000007c       0x32 src/ASF/sam0/components/displays/Pervasive_Displays_small_EPD/EPD_hardware_driver.o
 .ARM.attributes
                0x000000ae       0x32 src/ASF/sam0/components/displays/Pervasive_Displays_small_EPD/EPD_interface.o
 .ARM.attributes
                0x000000e0       0x32 src/ASF/sam0/drivers/adc/adc_sam_d_r/adc.o
 .ARM.attributes
                0x00000112       0x32 src/ASF/sam0/drivers/adc/adc_sam_d_r/adc_callback.o
 .ARM.attributes
                0x00000144       0x32 src/ASF/sam0/drivers/sercom/sercom.o
 .ARM.attributes
                0x00000176       0x32 src/ASF/sam0/drivers/tc/tc_sam_d_r/tc.o
 .ARM.attributes
                0x000001a8       0x32 src/image_data.o
 .ARM.attributes
                0x000001da       0x32 src/ASF/sam0/drivers/tc/tc_interrupt.o
 .ARM.attributes
                0x0000020c       0x32 src/ASF/sam0/drivers/sercom/spi/spi.o
 .ARM.attributes
                0x0000023e       0x32 src/ASF/common2/services/delay/sam0/systick_counter.o
 .ARM.attributes
                0x00000270       0x32 src/ASF/common/utils/interrupt/interrupt_sam_nvic.o
 .ARM.attributes
                0x000002a2       0x32 src/ASF/sam0/drivers/system/clock/clock_samd21_r21_da/clock.o
 .ARM.attributes
                0x000002d4       0x32 src/ASF/sam0/drivers/system/clock/clock_samd21_r21_da/gclk.o
 .ARM.attributes
                0x00000306       0x32 src/ASF/sam0/drivers/system/pinmux/pinmux.o
 .ARM.attributes
                0x00000338       0x32 src/ASF/sam0/utils/cmsis/samd21/source/gcc/startup_samd21.o
 .ARM.attributes
                0x0000036a       0x32 src/main.o
 .ARM.attributes
                0x0000039c       0x1e c:/program files (x86)/atmel/atmel toolchain/arm gcc/native/4.8.1443/arm-gnu-toolchain/bin/../lib/gcc/arm-none-eabi/4.8.4/armv6-m\libgcc.a(_udivsi3.o)
 .ARM.attributes
                0x000003ba       0x1e c:/program files (x86)/atmel/atmel toolchain/arm gcc/native/4.8.1443/arm-gnu-toolchain/bin/../lib/gcc/arm-none-eabi/4.8.4/armv6-m\libgcc.a(_dvmd_tls.o)
 .ARM.attributes
                0x000003d8       0x2c c:/program files (x86)/atmel/atmel toolchain/arm gcc/native/4.8.1443/arm-gnu-toolchain/bin/../lib/gcc/arm-none-eabi/4.8.4/armv6-m\libgcc.a(divsf3.o)
 .ARM.attributes
                0x00000404       0x2c c:/program files (x86)/atmel/atmel toolchain/arm gcc/native/4.8.1443/arm-gnu-toolchain/bin/../lib/gcc/arm-none-eabi/4.8.4/armv6-m\libgcc.a(mulsf3.o)
 .ARM.attributes
                0x00000430       0x2c c:/program files (x86)/atmel/atmel toolchain/arm gcc/native/4.8.1443/arm-gnu-toolchain/bin/../lib/gcc/arm-none-eabi/4.8.4/armv6-m\libgcc.a(subsf3.o)
 .ARM.attributes
                0x0000045c       0x2c c:/program files (x86)/atmel/atmel toolchain/arm gcc/native/4.8.1443/arm-gnu-toolchain/bin/../lib/gcc/arm-none-eabi/4.8.4/armv6-m\libgcc.a(fixsfsi.o)
 .ARM.attributes
                0x00000488       0x2c c:/program files (x86)/atmel/atmel toolchain/arm gcc/native/4.8.1443/arm-gnu-toolchain/bin/../lib/gcc/arm-none-eabi/4.8.4/armv6-m\libgcc.a(floatsisf.o)
 .ARM.attributes
                0x000004b4       0x1e c:/program files (x86)/atmel/atmel toolchain/arm gcc/native/4.8.1443/arm-gnu-toolchain/bin/../lib/gcc/arm-none-eabi/4.8.4/armv6-m\libgcc.a(_clzsi2.o)
 .ARM.attributes
                0x000004d2       0x2c c:/program files (x86)/atmel/atmel toolchain/arm gcc/native/4.8.1443/arm-gnu-toolchain/bin/../lib/gcc/arm-none-eabi/4.8.4/../../../../arm-none-eabi/lib/armv6-m\libc_s.a(lib_a-init.o)
 .ARM.attributes
                0x000004fe       0x2c c:/program files (x86)/atmel/atmel toolchain/arm gcc/native/4.8.1443/arm-gnu-toolchain/bin/../lib/gcc/arm-none-eabi/4.8.4/../../../../arm-none-eabi/lib/armv6-m\libc_s.a(lib_a-memcpy-stub.o)
 .ARM.attributes
                0x0000052a       0x2c c:/program files (x86)/atmel/atmel toolchain/arm gcc/native/4.8.1443/arm-gnu-toolchain/bin/../lib/gcc/arm-none-eabi/4.8.4/../../../../arm-none-eabi/lib/armv6-m\libc_s.a(lib_a-memset.o)
 .ARM.attributes
                0x00000556       0x1e c:/program files (x86)/atmel/atmel toolchain/arm gcc/native/4.8.1443/arm-gnu-toolchain/bin/../lib/gcc/arm-none-eabi/4.8.4/armv6-m/crtn.o

.comment        0x00000000       0x5b
 .comment       0x00000000       0x5b src/ASF/sam0/components/displays/Pervasive_Displays_small_EPD/COG_FPL/G2_Aurora_Mb/EPD_G2_Aurora_Mb.o
                                 0x5c (size before relaxing)
 .comment       0x00000000       0x5c src/ASF/sam0/components/displays/Pervasive_Displays_small_EPD/EPD_hardware_driver.o
 .comment       0x00000000       0x5c src/ASF/sam0/components/displays/Pervasive_Displays_small_EPD/EPD_interface.o
 .comment       0x00000000       0x5c src/ASF/sam0/drivers/adc/adc_sam_d_r/adc.o
 .comment       0x00000000       0x5c src/ASF/sam0/drivers/adc/adc_sam_d_r/adc_callback.o
 .comment       0x00000000       0x5c src/ASF/sam0/drivers/sercom/sercom.o
 .comment       0x00000000       0x5c src/ASF/sam0/drivers/tc/tc_sam_d_r/tc.o
 .comment       0x00000000       0x5c src/image_data.o
 .comment       0x00000000       0x5c src/ASF/sam0/drivers/tc/tc_interrupt.o
 .comment       0x00000000       0x5c src/ASF/sam0/drivers/sercom/spi/spi.o
 .comment       0x00000000       0x5c src/ASF/common2/services/delay/sam0/systick_counter.o
 .comment       0x00000000       0x5c src/ASF/common/utils/interrupt/interrupt_sam_nvic.o
 .comment       0x00000000       0x5c src/ASF/sam0/drivers/system/clock/clock_samd21_r21_da/clock.o
 .comment       0x00000000       0x5c src/ASF/sam0/drivers/system/clock/clock_samd21_r21_da/gclk.o
 .comment       0x00000000       0x5c src/ASF/sam0/drivers/system/pinmux/pinmux.o
 .comment       0x00000000       0x5c src/ASF/sam0/utils/cmsis/samd21/source/gcc/startup_samd21.o
 .comment       0x00000000       0x5c src/main.o

.debug_info     0x00000000    0x1e56b
 .debug_info    0x00000000     0x1450 src/ASF/sam0/components/displays/Pervasive_Displays_small_EPD/COG_FPL/G2_Aurora_Mb/EPD_G2_Aurora_Mb.o
 .debug_info    0x00001450     0x59c1 src/ASF/sam0/components/displays/Pervasive_Displays_small_EPD/EPD_hardware_driver.o
 .debug_info    0x00006e11      0x3e7 src/ASF/sam0/components/displays/Pervasive_Displays_small_EPD/EPD_interface.o
 .debug_info    0x000071f8     0x3039 src/ASF/sam0/drivers/adc/adc_sam_d_r/adc.o
 .debug_info    0x0000a231     0x1105 src/ASF/sam0/drivers/adc/adc_sam_d_r/adc_callback.o
 .debug_info    0x0000b336     0x249d src/ASF/sam0/drivers/sercom/sercom.o
 .debug_info    0x0000d7d3     0x2252 src/ASF/sam0/drivers/tc/tc_sam_d_r/tc.o
 .debug_info    0x0000fa25      0x3f9 src/image_data.o
 .debug_info    0x0000fe1e     0x1317 src/ASF/sam0/drivers/tc/tc_interrupt.o
 .debug_info    0x00011135     0x496d src/ASF/sam0/drivers/sercom/spi/spi.o
 .debug_info    0x00015aa2      0x220 src/ASF/common2/services/delay/sam0/systick_counter.o
 .debug_info    0x00015cc2      0x1ed src/ASF/common/utils/interrupt/interrupt_sam_nvic.o
 .debug_info    0x00015eaf     0x2cfb src/ASF/sam0/drivers/system/clock/clock_samd21_r21_da/clock.o
 .debug_info    0x00018baa     0x127b src/ASF/sam0/drivers/system/clock/clock_samd21_r21_da/gclk.o
 .debug_info    0x00019e25      0x9f7 src/ASF/sam0/drivers/system/pinmux/pinmux.o
 .debug_info    0x0001a81c     0x3a6a src/ASF/sam0/utils/cmsis/samd21/source/gcc/startup_samd21.o
 .debug_info    0x0001e286      0x2e5 src/main.o

.debug_abbrev   0x00000000     0x26fe
 .debug_abbrev  0x00000000      0x35c src/ASF/sam0/components/displays/Pervasive_Displays_small_EPD/COG_FPL/G2_Aurora_Mb/EPD_G2_Aurora_Mb.o
 .debug_abbrev  0x0000035c      0x424 src/ASF/sam0/components/displays/Pervasive_Displays_small_EPD/EPD_hardware_driver.o
 .debug_abbrev  0x00000780      0x101 src/ASF/sam0/components/displays/Pervasive_Displays_small_EPD/EPD_interface.o
 .debug_abbrev  0x00000881      0x2f7 src/ASF/sam0/drivers/adc/adc_sam_d_r/adc.o
 .debug_abbrev  0x00000b78      0x29f src/ASF/sam0/drivers/adc/adc_sam_d_r/adc_callback.o
 .debug_abbrev  0x00000e17      0x269 src/ASF/sam0/drivers/sercom/sercom.o
 .debug_abbrev  0x00001080      0x315 src/ASF/sam0/drivers/tc/tc_sam_d_r/tc.o
 .debug_abbrev  0x00001395       0xe6 src/image_data.o
 .debug_abbrev  0x0000147b      0x241 src/ASF/sam0/drivers/tc/tc_interrupt.o
 .debug_abbrev  0x000016bc      0x344 src/ASF/sam0/drivers/sercom/spi/spi.o
 .debug_abbrev  0x00001a00      0x113 src/ASF/common2/services/delay/sam0/systick_counter.o
 .debug_abbrev  0x00001b13       0xf6 src/ASF/common/utils/interrupt/interrupt_sam_nvic.o
 .debug_abbrev  0x00001c09      0x333 src/ASF/sam0/drivers/system/clock/clock_samd21_r21_da/clock.o
 .debug_abbrev  0x00001f3c      0x28a src/ASF/sam0/drivers/system/clock/clock_samd21_r21_da/gclk.o
 .debug_abbrev  0x000021c6      0x21c src/ASF/sam0/drivers/system/pinmux/pinmux.o
 .debug_abbrev  0x000023e2      0x20a src/ASF/sam0/utils/cmsis/samd21/source/gcc/startup_samd21.o
 .debug_abbrev  0x000025ec      0x112 src/main.o

.debug_loc      0x00000000     0x301c
 .debug_loc     0x00000000      0x4bc src/ASF/sam0/components/displays/Pervasive_Displays_small_EPD/COG_FPL/G2_Aurora_Mb/EPD_G2_Aurora_Mb.o
 .debug_loc     0x000004bc      0xd30 src/ASF/sam0/components/displays/Pervasive_Displays_small_EPD/EPD_hardware_driver.o
 .debug_loc     0x000011ec      0x144 src/ASF/sam0/components/displays/Pervasive_Displays_small_EPD/EPD_interface.o
 .debug_loc     0x00001330      0x26a src/ASF/sam0/drivers/adc/adc_sam_d_r/adc.o
 .debug_loc     0x0000159a      0x25c src/ASF/sam0/drivers/adc/adc_sam_d_r/adc_callback.o
 .debug_loc     0x000017f6      0x18c src/ASF/sam0/drivers/sercom/sercom.o
 .debug_loc     0x00001982      0x312 src/ASF/sam0/drivers/tc/tc_sam_d_r/tc.o
 .debug_loc     0x00001c94       0x38 src/image_data.o
 .debug_loc     0x00001ccc      0x1bc src/ASF/sam0/drivers/tc/tc_interrupt.o
 .debug_loc     0x00001e88      0x5e2 src/ASF/sam0/drivers/sercom/spi/spi.o
 .debug_loc     0x0000246a       0xd4 src/ASF/common2/services/delay/sam0/systick_counter.o
 .debug_loc     0x0000253e       0x64 src/ASF/common/utils/interrupt/interrupt_sam_nvic.o
 .debug_loc     0x000025a2      0x4e6 src/ASF/sam0/drivers/system/clock/clock_samd21_r21_da/clock.o
 .debug_loc     0x00002a88      0x388 src/ASF/sam0/drivers/system/clock/clock_samd21_r21_da/gclk.o
 .debug_loc     0x00002e10      0x118 src/ASF/sam0/drivers/system/pinmux/pinmux.o
 .debug_loc     0x00002f28       0x64 src/ASF/sam0/utils/cmsis/samd21/source/gcc/startup_samd21.o
 .debug_loc     0x00002f8c       0x90 src/main.o

.debug_aranges  0x00000000      0x8b0
 .debug_aranges
                0x00000000       0xc8 src/ASF/sam0/components/displays/Pervasive_Displays_small_EPD/COG_FPL/G2_Aurora_Mb/EPD_G2_Aurora_Mb.o
 .debug_aranges
                0x000000c8      0x210 src/ASF/sam0/components/displays/Pervasive_Displays_small_EPD/EPD_hardware_driver.o
 .debug_aranges
                0x000002d8       0x48 src/ASF/sam0/components/displays/Pervasive_Displays_small_EPD/EPD_interface.o
 .debug_aranges
                0x00000320       0x70 src/ASF/sam0/drivers/adc/adc_sam_d_r/adc.o
 .debug_aranges
                0x00000390       0x70 src/ASF/sam0/drivers/adc/adc_sam_d_r/adc_callback.o
 .debug_aranges
                0x00000400       0x50 src/ASF/sam0/drivers/sercom/sercom.o
 .debug_aranges
                0x00000450       0x88 src/ASF/sam0/drivers/tc/tc_sam_d_r/tc.o
 .debug_aranges
                0x000004d8       0x20 src/image_data.o
 .debug_aranges
                0x000004f8       0x60 src/ASF/sam0/drivers/tc/tc_interrupt.o
 .debug_aranges
                0x00000558       0xf0 src/ASF/sam0/drivers/sercom/spi/spi.o
 .debug_aranges
                0x00000648       0x38 src/ASF/common2/services/delay/sam0/systick_counter.o
 .debug_aranges
                0x00000680       0x28 src/ASF/common/utils/interrupt/interrupt_sam_nvic.o
 .debug_aranges
                0x000006a8       0xd0 src/ASF/sam0/drivers/system/clock/clock_samd21_r21_da/clock.o
 .debug_aranges
                0x00000778       0xa0 src/ASF/sam0/drivers/system/clock/clock_samd21_r21_da/gclk.o
 .debug_aranges
                0x00000818       0x40 src/ASF/sam0/drivers/system/pinmux/pinmux.o
 .debug_aranges
                0x00000858       0x28 src/ASF/sam0/utils/cmsis/samd21/source/gcc/startup_samd21.o
 .debug_aranges
                0x00000880       0x30 src/main.o

.debug_ranges   0x00000000      0x7a0
 .debug_ranges  0x00000000       0xb8 src/ASF/sam0/components/displays/Pervasive_Displays_small_EPD/COG_FPL/G2_Aurora_Mb/EPD_G2_Aurora_Mb.o
 .debug_ranges  0x000000b8      0x200 src/ASF/sam0/components/displays/Pervasive_Displays_small_EPD/EPD_hardware_driver.o
 .debug_ranges  0x000002b8       0x38 src/ASF/sam0/components/displays/Pervasive_Displays_small_EPD/EPD_interface.o
 .debug_ranges  0x000002f0       0x60 src/ASF/sam0/drivers/adc/adc_sam_d_r/adc.o
 .debug_ranges  0x00000350       0x60 src/ASF/sam0/drivers/adc/adc_sam_d_r/adc_callback.o
 .debug_ranges  0x000003b0       0x40 src/ASF/sam0/drivers/sercom/sercom.o
 .debug_ranges  0x000003f0       0x78 src/ASF/sam0/drivers/tc/tc_sam_d_r/tc.o
 .debug_ranges  0x00000468       0x10 src/image_data.o
 .debug_ranges  0x00000478       0x50 src/ASF/sam0/drivers/tc/tc_interrupt.o
 .debug_ranges  0x000004c8       0xe0 src/ASF/sam0/drivers/sercom/spi/spi.o
 .debug_ranges  0x000005a8       0x28 src/ASF/common2/services/delay/sam0/systick_counter.o
 .debug_ranges  0x000005d0       0x18 src/ASF/common/utils/interrupt/interrupt_sam_nvic.o
 .debug_ranges  0x000005e8       0xc0 src/ASF/sam0/drivers/system/clock/clock_samd21_r21_da/clock.o
 .debug_ranges  0x000006a8       0x90 src/ASF/sam0/drivers/system/clock/clock_samd21_r21_da/gclk.o
 .debug_ranges  0x00000738       0x30 src/ASF/sam0/drivers/system/pinmux/pinmux.o
 .debug_ranges  0x00000768       0x18 src/ASF/sam0/utils/cmsis/samd21/source/gcc/startup_samd21.o
 .debug_ranges  0x00000780       0x20 src/main.o

.debug_macro    0x00000000     0x5a73
 .debug_macro   0x00000000      0x62d src/ASF/sam0/components/displays/Pervasive_Displays_small_EPD/COG_FPL/G2_Aurora_Mb/EPD_G2_Aurora_Mb.o
 .debug_macro   0x0000062d      0x627 src/ASF/sam0/components/displays/Pervasive_Displays_small_EPD/EPD_hardware_driver.o
 .debug_macro   0x00000c54      0x628 src/ASF/sam0/components/displays/Pervasive_Displays_small_EPD/EPD_interface.o
 .debug_macro   0x0000127c      0x4eb src/ASF/sam0/drivers/adc/adc_sam_d_r/adc.o
 .debug_macro   0x00001767       0x10 src/ASF/sam0/drivers/adc/adc_sam_d_r/adc.o
 .debug_macro   0x00001777       0x16 src/ASF/sam0/drivers/adc/adc_sam_d_r/adc.o
 .debug_macro   0x0000178d      0x4ee src/ASF/sam0/drivers/adc/adc_sam_d_r/adc_callback.o
 .debug_macro   0x00001c7b      0x4f9 src/ASF/sam0/drivers/sercom/sercom.o
 .debug_macro   0x00002174      0x4f4 src/ASF/sam0/drivers/tc/tc_sam_d_r/tc.o
 .debug_macro   0x00002668       0x19 src/ASF/sam0/drivers/tc/tc_sam_d_r/tc.o
 .debug_macro   0x00002681       0x51 src/ASF/sam0/drivers/tc/tc_sam_d_r/tc.o
 .debug_macro   0x000026d2      0x640 src/image_data.o
 .debug_macro   0x00002d12      0x4d9 src/ASF/sam0/drivers/tc/tc_interrupt.o
 .debug_macro   0x000031eb      0x542 src/ASF/sam0/drivers/sercom/spi/spi.o
 .debug_macro   0x0000372d       0x12 src/ASF/sam0/drivers/sercom/spi/spi.o
 .debug_macro   0x0000373f      0x4a6 src/ASF/common2/services/delay/sam0/systick_counter.o
 .debug_macro   0x00003be5       0x16 src/ASF/common2/services/delay/sam0/systick_counter.o
 .debug_macro   0x00003bfb      0x46b src/ASF/common/utils/interrupt/interrupt_sam_nvic.o
 .debug_macro   0x00004066      0x4eb src/ASF/sam0/drivers/system/clock/clock_samd21_r21_da/clock.o
 .debug_macro   0x00004551      0x2aa src/ASF/sam0/drivers/system/clock/clock_samd21_r21_da/clock.o
 .debug_macro   0x000047fb      0x4a1 src/ASF/sam0/drivers/system/clock/clock_samd21_r21_da/gclk.o
 .debug_macro   0x00004c9c      0x47d src/ASF/sam0/drivers/system/pinmux/pinmux.o
 .debug_macro   0x00005119      0x2d8 src/ASF/sam0/utils/cmsis/samd21/source/gcc/startup_samd21.o
 .debug_macro   0x000053f1       0x3a src/ASF/sam0/utils/cmsis/samd21/source/gcc/startup_samd21.o
 .debug_macro   0x0000542b      0x648 src/main.o

.debug_line     0x00000000     0xd931
 .debug_line    0x00000000     0x1528 src/ASF/sam0/components/displays/Pervasive_Displays_small_EPD/COG_FPL/G2_Aurora_Mb/EPD_G2_Aurora_Mb.o
 .debug_line    0x00001528     0x1499 src/ASF/sam0/components/displays/Pervasive_Displays_small_EPD/EPD_hardware_driver.o
 .debug_line    0x000029c1      0xe94 src/ASF/sam0/components/displays/Pervasive_Displays_small_EPD/EPD_interface.o
 .debug_line    0x00003855      0xcfc src/ASF/sam0/drivers/adc/adc_sam_d_r/adc.o
 .debug_line    0x00004551      0xbb7 src/ASF/sam0/drivers/adc/adc_sam_d_r/adc_callback.o
 .debug_line    0x00005108      0xbb2 src/ASF/sam0/drivers/sercom/sercom.o
 .debug_line    0x00005cba      0xc3d src/ASF/sam0/drivers/tc/tc_sam_d_r/tc.o
 .debug_line    0x000068f7      0xe34 src/image_data.o
 .debug_line    0x0000772b      0xa60 src/ASF/sam0/drivers/tc/tc_interrupt.o
 .debug_line    0x0000818b     0x1035 src/ASF/sam0/drivers/sercom/spi/spi.o
 .debug_line    0x000091c0      0x95e src/ASF/common2/services/delay/sam0/systick_counter.o
 .debug_line    0x00009b1e      0x86b src/ASF/common/utils/interrupt/interrupt_sam_nvic.o
 .debug_line    0x0000a389      0xc94 src/ASF/sam0/drivers/system/clock/clock_samd21_r21_da/clock.o
 .debug_line    0x0000b01d      0xb3e src/ASF/sam0/drivers/system/clock/clock_samd21_r21_da/gclk.o
 .debug_line    0x0000bb5b      0x8df src/ASF/sam0/drivers/system/pinmux/pinmux.o
 .debug_line    0x0000c43a      0x673 src/ASF/sam0/utils/cmsis/samd21/source/gcc/startup_samd21.o
 .debug_line    0x0000caad      0xe84 src/main.o

.debug_str      0x00000000    0x8edb5
 .debug_str     0x00000000    0x87730 src/ASF/sam0/components/displays/Pervasive_Displays_small_EPD/COG_FPL/G2_Aurora_Mb/EPD_G2_Aurora_Mb.o
                              0x88094 (size before relaxing)
 .debug_str     0x00087730     0x261a src/ASF/sam0/components/displays/Pervasive_Displays_small_EPD/EPD_hardware_driver.o
                              0x8a3ac (size before relaxing)
 .debug_str     0x00089d4a       0xe4 src/ASF/sam0/components/displays/Pervasive_Displays_small_EPD/EPD_interface.o
                              0x8764b (size before relaxing)
 .debug_str     0x00089e2e      0x87d src/ASF/sam0/drivers/adc/adc_sam_d_r/adc.o
                              0x822bf (size before relaxing)
 .debug_str     0x0008a6ab      0x164 src/ASF/sam0/drivers/adc/adc_sam_d_r/adc_callback.o
                              0x810d9 (size before relaxing)
 .debug_str     0x0008a80f      0x3ba src/ASF/sam0/drivers/sercom/sercom.o
                              0x81a4a (size before relaxing)
 .debug_str     0x0008abc9      0x227 src/ASF/sam0/drivers/tc/tc_sam_d_r/tc.o
                              0x81dd6 (size before relaxing)
 .debug_str     0x0008adf0       0x71 src/image_data.o
                              0x87891 (size before relaxing)
 .debug_str     0x0008ae61       0xe5 src/ASF/sam0/drivers/tc/tc_interrupt.o
                              0x81560 (size before relaxing)
 .debug_str     0x0008af46      0x5df src/ASF/sam0/drivers/sercom/spi/spi.o
                              0x83667 (size before relaxing)
 .debug_str     0x0008b525       0x9f src/ASF/common2/services/delay/sam0/systick_counter.o
                              0x8057c (size before relaxing)
 .debug_str     0x0008b5c4       0x94 src/ASF/common/utils/interrupt/interrupt_sam_nvic.o
                              0x803dd (size before relaxing)
 .debug_str     0x0008b658     0x2448 src/ASF/sam0/drivers/system/clock/clock_samd21_r21_da/clock.o
                              0x83565 (size before relaxing)
 .debug_str     0x0008daa0      0x2cd src/ASF/sam0/drivers/system/clock/clock_samd21_r21_da/gclk.o
                              0x8105c (size before relaxing)
 .debug_str     0x0008dd6d      0x130 src/ASF/sam0/drivers/system/pinmux/pinmux.o
                              0x807d4 (size before relaxing)
 .debug_str     0x0008de9d      0xee6 src/ASF/sam0/utils/cmsis/samd21/source/gcc/startup_samd21.o
                              0x6e09e (size before relaxing)
 .debug_str     0x0008ed83       0x32 src/main.o
                              0x8756a (size before relaxing)

.debug_frame    0x00000000     0x1e78
 .debug_frame   0x00000000      0x2c8 src/ASF/sam0/components/displays/Pervasive_Displays_small_EPD/COG_FPL/G2_Aurora_Mb/EPD_G2_Aurora_Mb.o
 .debug_frame   0x000002c8      0x7bc src/ASF/sam0/components/displays/Pervasive_Displays_small_EPD/EPD_hardware_driver.o
 .debug_frame   0x00000a84       0xcc src/ASF/sam0/components/displays/Pervasive_Displays_small_EPD/EPD_interface.o
 .debug_frame   0x00000b50      0x174 src/ASF/sam0/drivers/adc/adc_sam_d_r/adc.o
 .debug_frame   0x00000cc4      0x16c src/ASF/sam0/drivers/adc/adc_sam_d_r/adc_callback.o
 .debug_frame   0x00000e30       0xf8 src/ASF/sam0/drivers/sercom/sercom.o
 .debug_frame   0x00000f28      0x1d0 src/ASF/sam0/drivers/tc/tc_sam_d_r/tc.o
 .debug_frame   0x000010f8       0x30 src/image_data.o
 .debug_frame   0x00001128      0x11c src/ASF/sam0/drivers/tc/tc_interrupt.o
 .debug_frame   0x00001244      0x36c src/ASF/sam0/drivers/sercom/spi/spi.o
 .debug_frame   0x000015b0       0x8c src/ASF/common2/services/delay/sam0/systick_counter.o
 .debug_frame   0x0000163c       0x4c src/ASF/common/utils/interrupt/interrupt_sam_nvic.o
 .debug_frame   0x00001688      0x2e4 src/ASF/sam0/drivers/system/clock/clock_samd21_r21_da/clock.o
 .debug_frame   0x0000196c      0x220 src/ASF/sam0/drivers/system/clock/clock_samd21_r21_da/gclk.o
 .debug_frame   0x00001b8c       0xb0 src/ASF/sam0/drivers/system/pinmux/pinmux.o
 .debug_frame   0x00001c3c       0x4c src/ASF/sam0/utils/cmsis/samd21/source/gcc/startup_samd21.o
 .debug_frame   0x00001c88       0x68 src/main.o
 .debug_frame   0x00001cf0       0x20 c:/program files (x86)/atmel/atmel toolchain/arm gcc/native/4.8.1443/arm-gnu-toolchain/bin/../lib/gcc/arm-none-eabi/4.8.4/armv6-m\libgcc.a(_udivsi3.o)
 .debug_frame   0x00001d10       0x3c c:/program files (x86)/atmel/atmel toolchain/arm gcc/native/4.8.1443/arm-gnu-toolchain/bin/../lib/gcc/arm-none-eabi/4.8.4/armv6-m\libgcc.a(divsf3.o)
 .debug_frame   0x00001d4c       0x3c c:/program files (x86)/atmel/atmel toolchain/arm gcc/native/4.8.1443/arm-gnu-toolchain/bin/../lib/gcc/arm-none-eabi/4.8.4/armv6-m\libgcc.a(mulsf3.o)
 .debug_frame   0x00001d88       0x30 c:/program files (x86)/atmel/atmel toolchain/arm gcc/native/4.8.1443/arm-gnu-toolchain/bin/../lib/gcc/arm-none-eabi/4.8.4/armv6-m\libgcc.a(subsf3.o)
 .debug_frame   0x00001db8       0x20 c:/program files (x86)/atmel/atmel toolchain/arm gcc/native/4.8.1443/arm-gnu-toolchain/bin/../lib/gcc/arm-none-eabi/4.8.4/armv6-m\libgcc.a(fixsfsi.o)
 .debug_frame   0x00001dd8       0x2c c:/program files (x86)/atmel/atmel toolchain/arm gcc/native/4.8.1443/arm-gnu-toolchain/bin/../lib/gcc/arm-none-eabi/4.8.4/armv6-m\libgcc.a(floatsisf.o)
 .debug_frame   0x00001e04       0x2c c:/program files (x86)/atmel/atmel toolchain/arm gcc/native/4.8.1443/arm-gnu-toolchain/bin/../lib/gcc/arm-none-eabi/4.8.4/../../../../arm-none-eabi/lib/armv6-m\libc_s.a(lib_a-init.o)
 .debug_frame   0x00001e30       0x28 c:/program files (x86)/atmel/atmel toolchain/arm gcc/native/4.8.1443/arm-gnu-toolchain/bin/../lib/gcc/arm-none-eabi/4.8.4/../../../../arm-none-eabi/lib/armv6-m\libc_s.a(lib_a-memcpy-stub.o)
 .debug_frame   0x00001e58       0x20 c:/program files (x86)/atmel/atmel toolchain/arm gcc/native/4.8.1443/arm-gnu-toolchain/bin/../lib/gcc/arm-none-eabi/4.8.4/../../../../arm-none-eabi/lib/armv6-m\libc_s.a(lib_a-memset.o)

Cross Reference Table

Symbol                                            File
AC_Handler                                        src/ASF/sam0/utils/cmsis/samd21/source/gcc/startup_samd21.o
ADC_Handler                                       src/ASF/sam0/drivers/adc/adc_sam_d_r/adc_callback.o
BORDER_TABLE                                      src/ASF/sam0/components/displays/Pervasive_Displays_small_EPD/COG_FPL/G2_Aurora_Mb/EPD_G2_Aurora_Mb.o
COG_driver_EPDtype_select                         src/ASF/sam0/components/displays/Pervasive_Displays_small_EPD/COG_FPL/G2_Aurora_Mb/EPD_G2_Aurora_Mb.o
COG_parameters                                    src/ASF/sam0/components/displays/Pervasive_Displays_small_EPD/COG_FPL/G2_Aurora_Mb/EPD_G2_Aurora_Mb.o
DAC_Handler                                       src/ASF/sam0/utils/cmsis/samd21/source/gcc/startup_samd21.o
DMAC_Handler                                      src/ASF/sam0/utils/cmsis/samd21/source/gcc/startup_samd21.o
Dummy_Handler                                     src/ASF/sam0/utils/cmsis/samd21/source/gcc/startup_samd21.o
EIC_Handler                                       src/ASF/sam0/utils/cmsis/samd21/source/gcc/startup_samd21.o
EPD_display_from_array_prt                        src/ASF/sam0/components/displays/Pervasive_Displays_small_EPD/COG_FPL/G2_Aurora_Mb/EPD_G2_Aurora_Mb.o
                                                  src/ASF/sam0/components/displays/Pervasive_Displays_small_EPD/EPD_interface.o
EPD_display_from_flash                            src/ASF/sam0/components/displays/Pervasive_Displays_small_EPD/EPD_interface.o
EPD_display_from_flash_Ex                         src/ASF/sam0/components/displays/Pervasive_Displays_small_EPD/EPD_interface.o
EPD_display_from_flash_prt                        src/ASF/sam0/components/displays/Pervasive_Displays_small_EPD/COG_FPL/G2_Aurora_Mb/EPD_G2_Aurora_Mb.o
                                                  src/ASF/sam0/components/displays/Pervasive_Displays_small_EPD/EPD_interface.o
EPD_display_from_pointer                          src/ASF/sam0/components/displays/Pervasive_Displays_small_EPD/EPD_interface.o
                                                  src/main.o
EPD_display_hardware_init                         src/ASF/sam0/components/displays/Pervasive_Displays_small_EPD/EPD_hardware_driver.o
                                                  src/ASF/sam0/components/displays/Pervasive_Displays_small_EPD/EPD_interface.o
EPD_display_init                                  src/ASF/sam0/components/displays/Pervasive_Displays_small_EPD/EPD_interface.o
                                                  src/main.o
EPD_initialize_driver                             src/ASF/sam0/components/displays/Pervasive_Displays_small_EPD/COG_FPL/G2_Aurora_Mb/EPD_G2_Aurora_Mb.o
                                                  src/ASF/sam0/components/displays/Pervasive_Displays_small_EPD/EPD_interface.o
EPD_initialize_gpio                               src/ASF/sam0/components/displays/Pervasive_Displays_small_EPD/EPD_hardware_driver.o
EPD_power_init                                    src/ASF/sam0/components/displays/Pervasive_Displays_small_EPD/EPD_interface.o
EPD_power_off                                     src/ASF/sam0/components/displays/Pervasive_Displays_small_EPD/COG_FPL/G2_Aurora_Mb/EPD_G2_Aurora_Mb.o
                                                  src/ASF/sam0/components/displays/Pervasive_Displays_small_EPD/EPD_interface.o
EPD_power_on                                      src/ASF/sam0/components/displays/Pervasive_Displays_small_EPD/COG_FPL/G2_Aurora_Mb/EPD_G2_Aurora_Mb.o
                                                  src/ASF/sam0/components/displays/Pervasive_Displays_small_EPD/EPD_interface.o
EVSYS_Handler                                     src/ASF/sam0/utils/cmsis/samd21/source/gcc/startup_samd21.o
HardFault_Handler                                 src/ASF/sam0/utils/cmsis/samd21/source/gcc/startup_samd21.o
I2S_Handler                                       src/ASF/sam0/utils/cmsis/samd21/source/gcc/startup_samd21.o
NMI_Handler                                       src/ASF/sam0/utils/cmsis/samd21/source/gcc/startup_samd21.o
NVMCTRL_Handler                                   src/ASF/sam0/utils/cmsis/samd21/source/gcc/startup_samd21.o
PM_Handler                                        src/ASF/sam0/utils/cmsis/samd21/source/gcc/startup_samd21.o
PTC_Handler                                       src/ASF/sam0/utils/cmsis/samd21/source/gcc/startup_samd21.o
PWM_Run_Flag                                      src/ASF/sam0/components/displays/Pervasive_Displays_small_EPD/EPD_hardware_driver.o
PWM_run                                           src/ASF/sam0/components/displays/Pervasive_Displays_small_EPD/EPD_hardware_driver.o
PWM_start_toggle                                  src/ASF/sam0/components/displays/Pervasive_Displays_small_EPD/EPD_hardware_driver.o
PWM_stop_toggle                                   src/ASF/sam0/components/displays/Pervasive_Displays_small_EPD/EPD_hardware_driver.o
PendSV_Handler                                    src/ASF/sam0/utils/cmsis/samd21/source/gcc/startup_samd21.o
RTC_Handler                                       src/ASF/sam0/utils/cmsis/samd21/source/gcc/startup_samd21.o
Reset_Handler                                     src/ASF/sam0/utils/cmsis/samd21/source/gcc/startup_samd21.o
SCAN_TABLE                                        src/ASF/sam0/components/displays/Pervasive_Displays_small_EPD/COG_FPL/G2_Aurora_Mb/EPD_G2_Aurora_Mb.o
SERCOM0_Handler                                   src/ASF/sam0/utils/cmsis/samd21/source/gcc/startup_samd21.o
SERCOM1_Handler                                   src/ASF/sam0/utils/cmsis/samd21/source/gcc/startup_samd21.o
SERCOM2_Handler                                   src/ASF/sam0/utils/cmsis/samd21/source/gcc/startup_samd21.o
SERCOM3_Handler                                   src/ASF/sam0/utils/cmsis/samd21/source/gcc/startup_samd21.o
SERCOM4_Handler                                   src/ASF/sam0/utils/cmsis/samd21/source/gcc/startup_samd21.o
SERCOM5_Handler                                   src/ASF/sam0/utils/cmsis/samd21/source/gcc/startup_samd21.o
SPI_R                                             src/ASF/sam0/components/displays/Pervasive_Displays_small_EPD/EPD_hardware_driver.o
                                                  src/ASF/sam0/components/displays/Pervasive_Displays_small_EPD/COG_FPL/G2_Aurora_Mb/EPD_G2_Aurora_Mb.o
SVC_Handler                                       src/ASF/sam0/utils/cmsis/samd21/source/gcc/startup_samd21.o
SYSCTRL_Handler                                   src/ASF/sam0/utils/cmsis/samd21/source/gcc/startup_samd21.o
SysTick_Handler                                   src/ASF/sam0/utils/cmsis/samd21/source/gcc/startup_samd21.o
SystemCoreClock                                   src/ASF/sam0/utils/cmsis/samd21/source/system_samd21.o
SystemCoreClockUpdate                             src/ASF/sam0/utils/cmsis/samd21/source/system_samd21.o
SystemInit                                        src/ASF/sam0/utils/cmsis/samd21/source/system_samd21.o
TC3_Handler                                       src/ASF/sam0/drivers/tc/tc_interrupt.o
TC4_Handler                                       src/ASF/sam0/drivers/tc/tc_interrupt.o
TC5_Handler                                       src/ASF/sam0/drivers/tc/tc_interrupt.o
TC6_Handler                                       src/ASF/sam0/drivers/tc/tc_interrupt.o
TC7_Handler                                       src/ASF/sam0/drivers/tc/tc_interrupt.o
TCC0_Handler                                      src/ASF/sam0/utils/cmsis/samd21/source/gcc/startup_samd21.o
TCC1_Handler                                      src/ASF/sam0/utils/cmsis/samd21/source/gcc/startup_samd21.o
TCC2_Handler                                      src/ASF/sam0/utils/cmsis/samd21/source/gcc/startup_samd21.o
USB_Handler                                       src/ASF/sam0/utils/cmsis/samd21/source/gcc/startup_samd21.o
WDT_Handler                                       src/ASF/sam0/utils/cmsis/samd21/source/gcc/startup_samd21.o
_Jv_RegisterClasses                               c:/program files (x86)/atmel/atmel toolchain/arm gcc/native/4.8.1443/arm-gnu-toolchain/bin/../lib/gcc/arm-none-eabi/4.8.4/armv6-m/crtbegin.o
__aeabi_f2iz                                      c:/program files (x86)/atmel/atmel toolchain/arm gcc/native/4.8.1443/arm-gnu-toolchain/bin/../lib/gcc/arm-none-eabi/4.8.4/armv6-m\libgcc.a(fixsfsi.o)
                                                  src/ASF/sam0/components/displays/Pervasive_Displays_small_EPD/EPD_hardware_driver.o
__aeabi_fdiv                                      c:/program files (x86)/atmel/atmel toolchain/arm gcc/native/4.8.1443/arm-gnu-toolchain/bin/../lib/gcc/arm-none-eabi/4.8.4/armv6-m\libgcc.a(divsf3.o)
                                                  src/ASF/sam0/components/displays/Pervasive_Displays_small_EPD/EPD_hardware_driver.o
__aeabi_fmul                                      c:/program files (x86)/atmel/atmel toolchain/arm gcc/native/4.8.1443/arm-gnu-toolchain/bin/../lib/gcc/arm-none-eabi/4.8.4/armv6-m\libgcc.a(mulsf3.o)
                                                  src/ASF/sam0/components/displays/Pervasive_Displays_small_EPD/EPD_hardware_driver.o
__aeabi_fsub                                      c:/program files (x86)/atmel/atmel toolchain/arm gcc/native/4.8.1443/arm-gnu-toolchain/bin/../lib/gcc/arm-none-eabi/4.8.4/armv6-m\libgcc.a(subsf3.o)
                                                  src/ASF/sam0/components/displays/Pervasive_Displays_small_EPD/EPD_hardware_driver.o
__aeabi_i2f                                       c:/program files (x86)/atmel/atmel toolchain/arm gcc/native/4.8.1443/arm-gnu-toolchain/bin/../lib/gcc/arm-none-eabi/4.8.4/armv6-m\libgcc.a(floatsisf.o)
                                                  src/ASF/sam0/components/displays/Pervasive_Displays_small_EPD/EPD_hardware_driver.o
__aeabi_idiv                                      c:/program files (x86)/atmel/atmel toolchain/arm gcc/native/4.8.1443/arm-gnu-toolchain/bin/../lib/gcc/arm-none-eabi/4.8.4/armv6-m\libgcc.a(_divsi3.o)
                                                  c:/program files (x86)/atmel/atmel toolchain/arm gcc/native/4.8.1443/arm-gnu-toolchain/bin/../lib/gcc/arm-none-eabi/4.8.4/../../../../arm-none-eabi/lib/armv6-m\libc_s.a(lib_a-fvwrite.o)
__aeabi_idiv0                                     c:/program files (x86)/atmel/atmel toolchain/arm gcc/native/4.8.1443/arm-gnu-toolchain/bin/../lib/gcc/arm-none-eabi/4.8.4/armv6-m\libgcc.a(_dvmd_tls.o)
                                                  c:/program files (x86)/atmel/atmel toolchain/arm gcc/native/4.8.1443/arm-gnu-toolchain/bin/../lib/gcc/arm-none-eabi/4.8.4/armv6-m\libgcc.a(_divsi3.o)
                                                  c:/program files (x86)/atmel/atmel toolchain/arm gcc/native/4.8.1443/arm-gnu-toolchain/bin/../lib/gcc/arm-none-eabi/4.8.4/armv6-m\libgcc.a(_udivsi3.o)
__aeabi_idivmod                                   c:/program files (x86)/atmel/atmel toolchain/arm gcc/native/4.8.1443/arm-gnu-toolchain/bin/../lib/gcc/arm-none-eabi/4.8.4/armv6-m\libgcc.a(_divsi3.o)
__aeabi_ldiv0                                     c:/program files (x86)/atmel/atmel toolchain/arm gcc/native/4.8.1443/arm-gnu-toolchain/bin/../lib/gcc/arm-none-eabi/4.8.4/armv6-m\libgcc.a(_dvmd_tls.o)
__aeabi_lmul                                      c:/program files (x86)/atmel/atmel toolchain/arm gcc/native/4.8.1443/arm-gnu-toolchain/bin/../lib/gcc/arm-none-eabi/4.8.4/armv6-m\libgcc.a(_muldi3.o)
                                                  src/ASF/sam0/drivers/sercom/sercom.o
__aeabi_uidiv                                     c:/program files (x86)/atmel/atmel toolchain/arm gcc/native/4.8.1443/arm-gnu-toolchain/bin/../lib/gcc/arm-none-eabi/4.8.4/armv6-m\libgcc.a(_udivsi3.o)
                                                  c:/program files (x86)/atmel/atmel toolchain/arm gcc/native/4.8.1443/arm-gnu-toolchain/bin/../lib/gcc/arm-none-eabi/4.8.4/../../../../arm-none-eabi/lib/armv6-m\libc_s.a(lib_a-vfprintf_i.o)
                                                  src/ASF/sam0/drivers/system/clock/clock_samd21_r21_da/gclk.o
                                                  src/ASF/sam0/drivers/system/clock/clock_samd21_r21_da/clock.o
                                                  src/ASF/common2/services/delay/sam0/systick_counter.o
                                                  src/ASF/sam0/components/displays/Pervasive_Displays_small_EPD/EPD_hardware_driver.o
__aeabi_uidivmod                                  c:/program files (x86)/atmel/atmel toolchain/arm gcc/native/4.8.1443/arm-gnu-toolchain/bin/../lib/gcc/arm-none-eabi/4.8.4/armv6-m\libgcc.a(_udivsi3.o)
                                                  c:/program files (x86)/atmel/atmel toolchain/arm gcc/native/4.8.1443/arm-gnu-toolchain/bin/../lib/gcc/arm-none-eabi/4.8.4/../../../../arm-none-eabi/lib/armv6-m\libc_s.a(lib_a-vfprintf_i.o)
__bss_end__                                       c:/program files (x86)/atmel/atmel toolchain/arm gcc/native/4.8.1443/arm-gnu-toolchain/bin/../lib/gcc/arm-none-eabi/4.8.4/../../../../arm-none-eabi/lib/armv6-m/crt0.o
__bss_start__                                     c:/program files (x86)/atmel/atmel toolchain/arm gcc/native/4.8.1443/arm-gnu-toolchain/bin/../lib/gcc/arm-none-eabi/4.8.4/../../../../arm-none-eabi/lib/armv6-m/crt0.o
__call_exitprocs                                  c:/program files (x86)/atmel/atmel toolchain/arm gcc/native/4.8.1443/arm-gnu-toolchain/bin/../lib/gcc/arm-none-eabi/4.8.4/../../../../arm-none-eabi/lib/armv6-m\libc_s.a(lib_a-exit.o)
__clzsi2                                          c:/program files (x86)/atmel/atmel toolchain/arm gcc/native/4.8.1443/arm-gnu-toolchain/bin/../lib/gcc/arm-none-eabi/4.8.4/armv6-m\libgcc.a(_clzsi2.o)
                                                  c:/program files (x86)/atmel/atmel toolchain/arm gcc/native/4.8.1443/arm-gnu-toolchain/bin/../lib/gcc/arm-none-eabi/4.8.4/armv6-m\libgcc.a(floatsisf.o)
                                                  c:/program files (x86)/atmel/atmel toolchain/arm gcc/native/4.8.1443/arm-gnu-toolchain/bin/../lib/gcc/arm-none-eabi/4.8.4/armv6-m\libgcc.a(subsf3.o)
                                                  c:/program files (x86)/atmel/atmel toolchain/arm gcc/native/4.8.1443/arm-gnu-toolchain/bin/../lib/gcc/arm-none-eabi/4.8.4/armv6-m\libgcc.a(mulsf3.o)
                                                  c:/program files (x86)/atmel/atmel toolchain/arm gcc/native/4.8.1443/arm-gnu-toolchain/bin/../lib/gcc/arm-none-eabi/4.8.4/armv6-m\libgcc.a(divsf3.o)
__deregister_frame_info                           c:/program files (x86)/atmel/atmel toolchain/arm gcc/native/4.8.1443/arm-gnu-toolchain/bin/../lib/gcc/arm-none-eabi/4.8.4/armv6-m/crtbegin.o
__divsi3                                          c:/program files (x86)/atmel/atmel toolchain/arm gcc/native/4.8.1443/arm-gnu-toolchain/bin/../lib/gcc/arm-none-eabi/4.8.4/armv6-m\libgcc.a(_divsi3.o)
__dso_handle                                      c:/program files (x86)/atmel/atmel toolchain/arm gcc/native/4.8.1443/arm-gnu-toolchain/bin/../lib/gcc/arm-none-eabi/4.8.4/armv6-m/crtbegin.o
__fp_lock_all                                     c:/program files (x86)/atmel/atmel toolchain/arm gcc/native/4.8.1443/arm-gnu-toolchain/bin/../lib/gcc/arm-none-eabi/4.8.4/../../../../arm-none-eabi/lib/armv6-m\libc_s.a(lib_a-findfp.o)
__fp_unlock_all                                   c:/program files (x86)/atmel/atmel toolchain/arm gcc/native/4.8.1443/arm-gnu-toolchain/bin/../lib/gcc/arm-none-eabi/4.8.4/../../../../arm-none-eabi/lib/armv6-m\libc_s.a(lib_a-findfp.o)
__init_array_end                                  c:/program files (x86)/atmel/atmel toolchain/arm gcc/native/4.8.1443/arm-gnu-toolchain/bin/../lib/gcc/arm-none-eabi/4.8.4/../../../../arm-none-eabi/lib/armv6-m\libc_s.a(lib_a-init.o)
__init_array_start                                c:/program files (x86)/atmel/atmel toolchain/arm gcc/native/4.8.1443/arm-gnu-toolchain/bin/../lib/gcc/arm-none-eabi/4.8.4/../../../../arm-none-eabi/lib/armv6-m\libc_s.a(lib_a-init.o)
__libc_fini_array                                 c:/program files (x86)/atmel/atmel toolchain/arm gcc/native/4.8.1443/arm-gnu-toolchain/bin/../lib/gcc/arm-none-eabi/4.8.4/../../../../arm-none-eabi/lib/armv6-m/crt0.o
__libc_init_array                                 c:/program files (x86)/atmel/atmel toolchain/arm gcc/native/4.8.1443/arm-gnu-toolchain/bin/../lib/gcc/arm-none-eabi/4.8.4/../../../../arm-none-eabi/lib/armv6-m\libc_s.a(lib_a-init.o)
                                                  src/ASF/sam0/utils/cmsis/samd21/source/gcc/startup_samd21.o
                                                  c:/program files (x86)/atmel/atmel toolchain/arm gcc/native/4.8.1443/arm-gnu-toolchain/bin/../lib/gcc/arm-none-eabi/4.8.4/../../../../arm-none-eabi/lib/armv6-m/crt0.o
__malloc_free_list                                c:/program files (x86)/atmel/atmel toolchain/arm gcc/native/4.8.1443/arm-gnu-toolchain/bin/../lib/gcc/arm-none-eabi/4.8.4/../../../../arm-none-eabi/lib/armv6-m\libc_s.a(lib_a-nano-mallocr.o)
                                                  c:/program files (x86)/atmel/atmel toolchain/arm gcc/native/4.8.1443/arm-gnu-toolchain/bin/../lib/gcc/arm-none-eabi/4.8.4/../../../../arm-none-eabi/lib/armv6-m\libc_s.a(lib_a-nano-freer.o)
__malloc_sbrk_start                               c:/program files (x86)/atmel/atmel toolchain/arm gcc/native/4.8.1443/arm-gnu-toolchain/bin/../lib/gcc/arm-none-eabi/4.8.4/../../../../arm-none-eabi/lib/armv6-m\libc_s.a(lib_a-nano-mallocr.o)
__muldi3                                          c:/program files (x86)/atmel/atmel toolchain/arm gcc/native/4.8.1443/arm-gnu-toolchain/bin/../lib/gcc/arm-none-eabi/4.8.4/armv6-m\libgcc.a(_muldi3.o)
__preinit_array_end                               c:/program files (x86)/atmel/atmel toolchain/arm gcc/native/4.8.1443/arm-gnu-toolchain/bin/../lib/gcc/arm-none-eabi/4.8.4/../../../../arm-none-eabi/lib/armv6-m\libc_s.a(lib_a-init.o)
__preinit_array_start                             c:/program files (x86)/atmel/atmel toolchain/arm gcc/native/4.8.1443/arm-gnu-toolchain/bin/../lib/gcc/arm-none-eabi/4.8.4/../../../../arm-none-eabi/lib/armv6-m\libc_s.a(lib_a-init.o)
__register_frame_info                             c:/program files (x86)/atmel/atmel toolchain/arm gcc/native/4.8.1443/arm-gnu-toolchain/bin/../lib/gcc/arm-none-eabi/4.8.4/armv6-m/crtbegin.o
__sclose                                          c:/program files (x86)/atmel/atmel toolchain/arm gcc/native/4.8.1443/arm-gnu-toolchain/bin/../lib/gcc/arm-none-eabi/4.8.4/../../../../arm-none-eabi/lib/armv6-m\libc_s.a(lib_a-stdio.o)
                                                  c:/program files (x86)/atmel/atmel toolchain/arm gcc/native/4.8.1443/arm-gnu-toolchain/bin/../lib/gcc/arm-none-eabi/4.8.4/../../../../arm-none-eabi/lib/armv6-m\libc_s.a(lib_a-findfp.o)
__seofread                                        c:/program files (x86)/atmel/atmel toolchain/arm gcc/native/4.8.1443/arm-gnu-toolchain/bin/../lib/gcc/arm-none-eabi/4.8.4/../../../../arm-none-eabi/lib/armv6-m\libc_s.a(lib_a-stdio.o)
__sf_fake_stderr                                  c:/program files (x86)/atmel/atmel toolchain/arm gcc/native/4.8.1443/arm-gnu-toolchain/bin/../lib/gcc/arm-none-eabi/4.8.4/../../../../arm-none-eabi/lib/armv6-m\libc_s.a(lib_a-findfp.o)
                                                  c:/program files (x86)/atmel/atmel toolchain/arm gcc/native/4.8.1443/arm-gnu-toolchain/bin/../lib/gcc/arm-none-eabi/4.8.4/../../../../arm-none-eabi/lib/armv6-m\libc_s.a(lib_a-fflush.o)
                                                  c:/program files (x86)/atmel/atmel toolchain/arm gcc/native/4.8.1443/arm-gnu-toolchain/bin/../lib/gcc/arm-none-eabi/4.8.4/../../../../arm-none-eabi/lib/armv6-m\libc_s.a(lib_a-wsetup.o)
                                                  c:/program files (x86)/atmel/atmel toolchain/arm gcc/native/4.8.1443/arm-gnu-toolchain/bin/../lib/gcc/arm-none-eabi/4.8.4/../../../../arm-none-eabi/lib/armv6-m\libc_s.a(lib_a-wbuf.o)
                                                  c:/program files (x86)/atmel/atmel toolchain/arm gcc/native/4.8.1443/arm-gnu-toolchain/bin/../lib/gcc/arm-none-eabi/4.8.4/../../../../arm-none-eabi/lib/armv6-m\libc_s.a(lib_a-vfprintf.o)
                                                  c:/program files (x86)/atmel/atmel toolchain/arm gcc/native/4.8.1443/arm-gnu-toolchain/bin/../lib/gcc/arm-none-eabi/4.8.4/../../../../arm-none-eabi/lib/armv6-m\libc_s.a(lib_a-impure.o)
__sf_fake_stdin                                   c:/program files (x86)/atmel/atmel toolchain/arm gcc/native/4.8.1443/arm-gnu-toolchain/bin/../lib/gcc/arm-none-eabi/4.8.4/../../../../arm-none-eabi/lib/armv6-m\libc_s.a(lib_a-findfp.o)
                                                  c:/program files (x86)/atmel/atmel toolchain/arm gcc/native/4.8.1443/arm-gnu-toolchain/bin/../lib/gcc/arm-none-eabi/4.8.4/../../../../arm-none-eabi/lib/armv6-m\libc_s.a(lib_a-fflush.o)
                                                  c:/program files (x86)/atmel/atmel toolchain/arm gcc/native/4.8.1443/arm-gnu-toolchain/bin/../lib/gcc/arm-none-eabi/4.8.4/../../../../arm-none-eabi/lib/armv6-m\libc_s.a(lib_a-wsetup.o)
                                                  c:/program files (x86)/atmel/atmel toolchain/arm gcc/native/4.8.1443/arm-gnu-toolchain/bin/../lib/gcc/arm-none-eabi/4.8.4/../../../../arm-none-eabi/lib/armv6-m\libc_s.a(lib_a-wbuf.o)
                                                  c:/program files (x86)/atmel/atmel toolchain/arm gcc/native/4.8.1443/arm-gnu-toolchain/bin/../lib/gcc/arm-none-eabi/4.8.4/../../../../arm-none-eabi/lib/armv6-m\libc_s.a(lib_a-vfprintf.o)
                                                  c:/program files (x86)/atmel/atmel toolchain/arm gcc/native/4.8.1443/arm-gnu-toolchain/bin/../lib/gcc/arm-none-eabi/4.8.4/../../../../arm-none-eabi/lib/armv6-m\libc_s.a(lib_a-impure.o)
__sf_fake_stdout                                  c:/program files (x86)/atmel/atmel toolchain/arm gcc/native/4.8.1443/arm-gnu-toolchain/bin/../lib/gcc/arm-none-eabi/4.8.4/../../../../arm-none-eabi/lib/armv6-m\libc_s.a(lib_a-findfp.o)
                                                  c:/program files (x86)/atmel/atmel toolchain/arm gcc/native/4.8.1443/arm-gnu-toolchain/bin/../lib/gcc/arm-none-eabi/4.8.4/../../../../arm-none-eabi/lib/armv6-m\libc_s.a(lib_a-fflush.o)
                                                  c:/program files (x86)/atmel/atmel toolchain/arm gcc/native/4.8.1443/arm-gnu-toolchain/bin/../lib/gcc/arm-none-eabi/4.8.4/../../../../arm-none-eabi/lib/armv6-m\libc_s.a(lib_a-wsetup.o)